[0.009s] Invoking command in '/home/jiseong/ros2project/build/robot_control_interfaces': CMAKE_PREFIX_PATH=${CMAKE_PREFIX_PATH}:/home/jiseong/ros2project/install/robot_control_pkg:/opt/ros/humble /usr/bin/cmake --build /home/jiseong/ros2project/build/robot_control_interfaces -- -j20 -l20
[0.035s] [35m[1mConsolidate compiler generated dependencies of target robot_control_interfaces__rosidl_generator_c[0m
[0.041s] [  2%] Built target robot_control_interfaces__cpp
[0.043s] [ 12%] Built target robot_control_interfaces__rosidl_generator_c
[0.048s] [ 12%] Built target ament_cmake_python_symlink_robot_control_interfaces
[0.050s] [35m[1mConsolidate compiler generated dependencies of target robot_control_interfaces__rosidl_typesupport_cpp[0m
[0.050s] [35m[1mConsolidate compiler generated dependencies of target robot_control_interfaces__rosidl_typesupport_fastrtps_cpp[0m
[0.050s] [35m[1mConsolidate compiler generated dependencies of target robot_control_interfaces__rosidl_typesupport_introspection_cpp[0m
[0.052s] [35m[1mConsolidate compiler generated dependencies of target robot_control_interfaces__rosidl_typesupport_fastrtps_c[0m
[0.054s] [35m[1mConsolidate compiler generated dependencies of target robot_control_interfaces__rosidl_typesupport_introspection_c[0m
[0.055s] [35m[1mConsolidate compiler generated dependencies of target robot_control_interfaces__rosidl_typesupport_c[0m
[0.059s] [ 23%] Built target robot_control_interfaces__rosidl_typesupport_introspection_cpp
[0.060s] [ 41%] Built target robot_control_interfaces__rosidl_typesupport_cpp
[0.060s] [ 43%] Built target robot_control_interfaces__rosidl_typesupport_fastrtps_cpp
[0.063s] [ 56%] Built target robot_control_interfaces__rosidl_typesupport_introspection_c
[0.063s] [ 64%] Built target robot_control_interfaces__rosidl_typesupport_fastrtps_c
[0.065s] [ 74%] Built target robot_control_interfaces__rosidl_typesupport_c
[0.080s] [ 74%] Built target robot_control_interfaces
[0.093s] [ 76%] Built target robot_control_interfaces__py
[0.101s] [35m[1mConsolidate compiler generated dependencies of target robot_control_interfaces__rosidl_generator_py[0m
[0.110s] [ 84%] Built target robot_control_interfaces__rosidl_generator_py
[0.118s] [35m[1mConsolidate compiler generated dependencies of target robot_control_interfaces__rosidl_typesupport_fastrtps_c__pyext[0m
[0.118s] [35m[1mConsolidate compiler generated dependencies of target robot_control_interfaces__rosidl_typesupport_c__pyext[0m
[0.118s] [35m[1mConsolidate compiler generated dependencies of target robot_control_interfaces__rosidl_typesupport_introspection_c__pyext[0m
[0.159s] [100%] Built target robot_control_interfaces__rosidl_typesupport_introspection_c__pyext
[0.159s] [100%] Built target robot_control_interfaces__rosidl_typesupport_fastrtps_c__pyext
[0.159s] [100%] Built target robot_control_interfaces__rosidl_typesupport_c__pyext
[0.216s] running egg_info
[0.216s] writing robot_control_interfaces.egg-info/PKG-INFO
[0.217s] writing dependency_links to robot_control_interfaces.egg-info/dependency_links.txt
[0.217s] writing top-level names to robot_control_interfaces.egg-info/top_level.txt
[0.218s] reading manifest file 'robot_control_interfaces.egg-info/SOURCES.txt'
[0.218s] writing manifest file 'robot_control_interfaces.egg-info/SOURCES.txt'
[0.239s] [100%] Built target ament_cmake_python_build_robot_control_interfaces_egg
[0.249s] Invoked command in '/home/jiseong/ros2project/build/robot_control_interfaces' returned '0': CMAKE_PREFIX_PATH=${CMAKE_PREFIX_PATH}:/home/jiseong/ros2project/install/robot_control_pkg:/opt/ros/humble /usr/bin/cmake --build /home/jiseong/ros2project/build/robot_control_interfaces -- -j20 -l20
[0.257s] Invoking command in '/home/jiseong/ros2project/build/robot_control_interfaces': CMAKE_PREFIX_PATH=${CMAKE_PREFIX_PATH}:/home/jiseong/ros2project/install/robot_control_pkg:/opt/ros/humble /usr/bin/cmake --install /home/jiseong/ros2project/build/robot_control_interfaces
[0.262s] -- Install configuration: ""
[0.262s] -- Execute custom install script
[0.263s] -- Up-to-date symlink: /home/jiseong/ros2project/install/robot_control_interfaces/share/ament_index/resource_index/rosidl_interfaces/robot_control_interfaces
[0.263s] -- Up-to-date symlink: /home/jiseong/ros2project/install/robot_control_interfaces/include/robot_control_interfaces/robot_control_interfaces/action/detail/move__functions.h
[0.263s] -- Up-to-date symlink: /home/jiseong/ros2project/install/robot_control_interfaces/include/robot_control_interfaces/robot_control_interfaces/action/detail/move__struct.h
[0.263s] -- Up-to-date symlink: /home/jiseong/ros2project/install/robot_control_interfaces/include/robot_control_interfaces/robot_control_interfaces/action/detail/move__type_support.h
[0.263s] -- Up-to-date symlink: /home/jiseong/ros2project/install/robot_control_interfaces/include/robot_control_interfaces/robot_control_interfaces/action/move.h
[0.263s] -- Up-to-date symlink: /home/jiseong/ros2project/install/robot_control_interfaces/include/robot_control_interfaces/robot_control_interfaces/msg/rosidl_generator_c__visibility_control.h
[0.264s] -- Up-to-date symlink: /home/jiseong/ros2project/install/robot_control_interfaces/include/robot_control_interfaces/robot_control_interfaces/srv/detail/llm_command__functions.h
[0.264s] -- Up-to-date symlink: /home/jiseong/ros2project/install/robot_control_interfaces/include/robot_control_interfaces/robot_control_interfaces/srv/detail/llm_command__struct.h
[0.264s] -- Up-to-date symlink: /home/jiseong/ros2project/install/robot_control_interfaces/include/robot_control_interfaces/robot_control_interfaces/srv/detail/llm_command__type_support.h
[0.264s] -- Up-to-date symlink: /home/jiseong/ros2project/install/robot_control_interfaces/include/robot_control_interfaces/robot_control_interfaces/srv/llm_command.h
[0.264s] -- Up-to-date symlink: /home/jiseong/ros2project/install/robot_control_interfaces/share/robot_control_interfaces/environment/library_path.sh
[0.264s] -- Up-to-date symlink: /home/jiseong/ros2project/install/robot_control_interfaces/share/robot_control_interfaces/environment/library_path.dsv
[0.264s] -- Up-to-date symlink: /home/jiseong/ros2project/install/robot_control_interfaces/include/robot_control_interfaces/robot_control_interfaces/action/detail/move__rosidl_typesupport_fastrtps_c.h
[0.264s] -- Up-to-date symlink: /home/jiseong/ros2project/install/robot_control_interfaces/include/robot_control_interfaces/robot_control_interfaces/msg/rosidl_typesupport_fastrtps_c__visibility_control.h
[0.264s] -- Up-to-date symlink: /home/jiseong/ros2project/install/robot_control_interfaces/include/robot_control_interfaces/robot_control_interfaces/srv/detail/llm_command__rosidl_typesupport_fastrtps_c.h
[0.264s] -- Up-to-date symlink: /home/jiseong/ros2project/install/robot_control_interfaces/include/robot_control_interfaces/robot_control_interfaces/action/detail/move__rosidl_typesupport_introspection_c.h
[0.264s] -- Up-to-date symlink: /home/jiseong/ros2project/install/robot_control_interfaces/include/robot_control_interfaces/robot_control_interfaces/msg/rosidl_typesupport_introspection_c__visibility_control.h
[0.265s] -- Up-to-date symlink: /home/jiseong/ros2project/install/robot_control_interfaces/include/robot_control_interfaces/robot_control_interfaces/srv/detail/llm_command__rosidl_typesupport_introspection_c.h
[0.265s] -- Up-to-date symlink: /home/jiseong/ros2project/install/robot_control_interfaces/include/robot_control_interfaces/robot_control_interfaces/action/detail/move__builder.hpp
[0.265s] -- Up-to-date symlink: /home/jiseong/ros2project/install/robot_control_interfaces/include/robot_control_interfaces/robot_control_interfaces/action/detail/move__struct.hpp
[0.265s] -- Up-to-date symlink: /home/jiseong/ros2project/install/robot_control_interfaces/include/robot_control_interfaces/robot_control_interfaces/action/detail/move__traits.hpp
[0.265s] -- Up-to-date symlink: /home/jiseong/ros2project/install/robot_control_interfaces/include/robot_control_interfaces/robot_control_interfaces/action/detail/move__type_support.hpp
[0.265s] -- Up-to-date symlink: /home/jiseong/ros2project/install/robot_control_interfaces/include/robot_control_interfaces/robot_control_interfaces/action/move.hpp
[0.265s] -- Up-to-date symlink: /home/jiseong/ros2project/install/robot_control_interfaces/include/robot_control_interfaces/robot_control_interfaces/msg/rosidl_generator_cpp__visibility_control.hpp
[0.265s] -- Up-to-date symlink: /home/jiseong/ros2project/install/robot_control_interfaces/include/robot_control_interfaces/robot_control_interfaces/srv/detail/llm_command__builder.hpp
[0.266s] -- Up-to-date symlink: /home/jiseong/ros2project/install/robot_control_interfaces/include/robot_control_interfaces/robot_control_interfaces/srv/detail/llm_command__struct.hpp
[0.266s] -- Up-to-date symlink: /home/jiseong/ros2project/install/robot_control_interfaces/include/robot_control_interfaces/robot_control_interfaces/srv/detail/llm_command__traits.hpp
[0.266s] -- Up-to-date symlink: /home/jiseong/ros2project/install/robot_control_interfaces/include/robot_control_interfaces/robot_control_interfaces/srv/detail/llm_command__type_support.hpp
[0.266s] -- Up-to-date symlink: /home/jiseong/ros2project/install/robot_control_interfaces/include/robot_control_interfaces/robot_control_interfaces/srv/llm_command.hpp
[0.266s] -- Up-to-date symlink: /home/jiseong/ros2project/install/robot_control_interfaces/include/robot_control_interfaces/robot_control_interfaces/action/detail/move__rosidl_typesupport_fastrtps_cpp.hpp
[0.266s] -- Up-to-date symlink: /home/jiseong/ros2project/install/robot_control_interfaces/include/robot_control_interfaces/robot_control_interfaces/msg/rosidl_typesupport_fastrtps_cpp__visibility_control.h
[0.266s] -- Up-to-date symlink: /home/jiseong/ros2project/install/robot_control_interfaces/include/robot_control_interfaces/robot_control_interfaces/srv/detail/llm_command__rosidl_typesupport_fastrtps_cpp.hpp
[0.266s] -- Up-to-date symlink: /home/jiseong/ros2project/install/robot_control_interfaces/include/robot_control_interfaces/robot_control_interfaces/action/detail/move__rosidl_typesupport_introspection_cpp.hpp
[0.266s] -- Up-to-date symlink: /home/jiseong/ros2project/install/robot_control_interfaces/include/robot_control_interfaces/robot_control_interfaces/srv/detail/llm_command__rosidl_typesupport_introspection_cpp.hpp
[0.266s] -- Up-to-date symlink: /home/jiseong/ros2project/install/robot_control_interfaces/share/robot_control_interfaces/environment/pythonpath.sh
[0.267s] -- Up-to-date symlink: /home/jiseong/ros2project/install/robot_control_interfaces/share/robot_control_interfaces/environment/pythonpath.dsv
[0.267s] -- Up-to-date symlink: /home/jiseong/ros2project/install/robot_control_interfaces/local/lib/python3.10/dist-packages/robot_control_interfaces-0.0.0-py3.10.egg-info/PKG-INFO
[0.267s] -- Up-to-date symlink: /home/jiseong/ros2project/install/robot_control_interfaces/local/lib/python3.10/dist-packages/robot_control_interfaces-0.0.0-py3.10.egg-info/SOURCES.txt
[0.267s] -- Up-to-date symlink: /home/jiseong/ros2project/install/robot_control_interfaces/local/lib/python3.10/dist-packages/robot_control_interfaces-0.0.0-py3.10.egg-info/dependency_links.txt
[0.267s] -- Up-to-date symlink: /home/jiseong/ros2project/install/robot_control_interfaces/local/lib/python3.10/dist-packages/robot_control_interfaces-0.0.0-py3.10.egg-info/top_level.txt
[0.268s] -- Up-to-date symlink: /home/jiseong/ros2project/install/robot_control_interfaces/local/lib/python3.10/dist-packages/robot_control_interfaces/__init__.py
[0.268s] -- Up-to-date symlink: /home/jiseong/ros2project/install/robot_control_interfaces/local/lib/python3.10/dist-packages/robot_control_interfaces/_robot_control_interfaces_s.ep.rosidl_typesupport_c.c
[0.268s] -- Up-to-date symlink: /home/jiseong/ros2project/install/robot_control_interfaces/local/lib/python3.10/dist-packages/robot_control_interfaces/_robot_control_interfaces_s.ep.rosidl_typesupport_fastrtps_c.c
[0.268s] -- Up-to-date symlink: /home/jiseong/ros2project/install/robot_control_interfaces/local/lib/python3.10/dist-packages/robot_control_interfaces/_robot_control_interfaces_s.ep.rosidl_typesupport_introspection_c.c
[0.268s] -- Up-to-date symlink: /home/jiseong/ros2project/install/robot_control_interfaces/local/lib/python3.10/dist-packages/robot_control_interfaces/action/__init__.py
[0.268s] -- Up-to-date symlink: /home/jiseong/ros2project/install/robot_control_interfaces/local/lib/python3.10/dist-packages/robot_control_interfaces/action/_move.py
[0.268s] -- Up-to-date symlink: /home/jiseong/ros2project/install/robot_control_interfaces/local/lib/python3.10/dist-packages/robot_control_interfaces/action/_move_s.c
[0.268s] -- Up-to-date symlink: /home/jiseong/ros2project/install/robot_control_interfaces/local/lib/python3.10/dist-packages/robot_control_interfaces/librobot_control_interfaces__rosidl_generator_py.so
[0.268s] -- Up-to-date symlink: /home/jiseong/ros2project/install/robot_control_interfaces/local/lib/python3.10/dist-packages/robot_control_interfaces/robot_control_interfaces_s__rosidl_typesupport_c.cpython-310-x86_64-linux-gnu.so
[0.268s] -- Up-to-date symlink: /home/jiseong/ros2project/install/robot_control_interfaces/local/lib/python3.10/dist-packages/robot_control_interfaces/robot_control_interfaces_s__rosidl_typesupport_fastrtps_c.cpython-310-x86_64-linux-gnu.so
[0.269s] -- Up-to-date symlink: /home/jiseong/ros2project/install/robot_control_interfaces/local/lib/python3.10/dist-packages/robot_control_interfaces/robot_control_interfaces_s__rosidl_typesupport_introspection_c.cpython-310-x86_64-linux-gnu.so
[0.269s] -- Up-to-date symlink: /home/jiseong/ros2project/install/robot_control_interfaces/local/lib/python3.10/dist-packages/robot_control_interfaces/srv/__init__.py
[0.269s] -- Up-to-date symlink: /home/jiseong/ros2project/install/robot_control_interfaces/local/lib/python3.10/dist-packages/robot_control_interfaces/srv/_llm_command.py
[0.269s] -- Up-to-date symlink: /home/jiseong/ros2project/install/robot_control_interfaces/local/lib/python3.10/dist-packages/robot_control_interfaces/srv/_llm_command_s.c
[0.269s] -- Up-to-date symlink: /home/jiseong/ros2project/install/robot_control_interfaces/local/lib/python3.10/dist-packages/robot_control_interfaces/robot_control_interfaces_s__rosidl_typesupport_fastrtps_c.cpython-310-x86_64-linux-gnu.so
[0.269s] -- Up-to-date symlink: /home/jiseong/ros2project/install/robot_control_interfaces/local/lib/python3.10/dist-packages/robot_control_interfaces/robot_control_interfaces_s__rosidl_typesupport_introspection_c.cpython-310-x86_64-linux-gnu.so
[0.269s] -- Up-to-date symlink: /home/jiseong/ros2project/install/robot_control_interfaces/local/lib/python3.10/dist-packages/robot_control_interfaces/robot_control_interfaces_s__rosidl_typesupport_c.cpython-310-x86_64-linux-gnu.so
[0.269s] -- Up-to-date symlink: /home/jiseong/ros2project/install/robot_control_interfaces/share/robot_control_interfaces/srv/LLMCommand.idl
[0.270s] -- Up-to-date symlink: /home/jiseong/ros2project/install/robot_control_interfaces/share/robot_control_interfaces/action/Move.idl
[0.270s] -- Up-to-date symlink: /home/jiseong/ros2project/install/robot_control_interfaces/share/robot_control_interfaces/srv/LLMCommand.srv
[0.270s] -- Up-to-date symlink: /home/jiseong/ros2project/install/robot_control_interfaces/share/robot_control_interfaces/srv/LLMCommand_Request.msg
[0.270s] -- Up-to-date symlink: /home/jiseong/ros2project/install/robot_control_interfaces/share/robot_control_interfaces/srv/LLMCommand_Response.msg
[0.270s] -- Up-to-date symlink: /home/jiseong/ros2project/install/robot_control_interfaces/share/robot_control_interfaces/action/Move.action
[0.270s] -- Up-to-date symlink: /home/jiseong/ros2project/install/robot_control_interfaces/share/ament_index/resource_index/package_run_dependencies/robot_control_interfaces
[0.270s] -- Up-to-date symlink: /home/jiseong/ros2project/install/robot_control_interfaces/share/ament_index/resource_index/parent_prefix_path/robot_control_interfaces
[0.270s] -- Up-to-date symlink: /home/jiseong/ros2project/install/robot_control_interfaces/share/robot_control_interfaces/environment/ament_prefix_path.sh
[0.270s] -- Up-to-date symlink: /home/jiseong/ros2project/install/robot_control_interfaces/share/robot_control_interfaces/environment/ament_prefix_path.dsv
[0.271s] -- Up-to-date symlink: /home/jiseong/ros2project/install/robot_control_interfaces/share/robot_control_interfaces/environment/path.sh
[0.271s] -- Up-to-date symlink: /home/jiseong/ros2project/install/robot_control_interfaces/share/robot_control_interfaces/environment/path.dsv
[0.271s] -- Up-to-date symlink: /home/jiseong/ros2project/install/robot_control_interfaces/share/robot_control_interfaces/local_setup.bash
[0.271s] -- Up-to-date symlink: /home/jiseong/ros2project/install/robot_control_interfaces/share/robot_control_interfaces/local_setup.sh
[0.271s] -- Up-to-date symlink: /home/jiseong/ros2project/install/robot_control_interfaces/share/robot_control_interfaces/local_setup.zsh
[0.271s] -- Up-to-date symlink: /home/jiseong/ros2project/install/robot_control_interfaces/share/robot_control_interfaces/local_setup.dsv
[0.271s] -- Symlinking: /home/jiseong/ros2project/install/robot_control_interfaces/share/robot_control_interfaces/package.dsv
[0.278s] -- Up-to-date symlink: /home/jiseong/ros2project/install/robot_control_interfaces/share/ament_index/resource_index/packages/robot_control_interfaces
[0.278s] -- Up-to-date symlink: /home/jiseong/ros2project/install/robot_control_interfaces/share/robot_control_interfaces/cmake/rosidl_cmake-extras.cmake
[0.278s] -- Up-to-date symlink: /home/jiseong/ros2project/install/robot_control_interfaces/share/robot_control_interfaces/cmake/ament_cmake_export_dependencies-extras.cmake
[0.279s] -- Up-to-date symlink: /home/jiseong/ros2project/install/robot_control_interfaces/share/robot_control_interfaces/cmake/ament_cmake_export_include_directories-extras.cmake
[0.279s] -- Up-to-date symlink: /home/jiseong/ros2project/install/robot_control_interfaces/share/robot_control_interfaces/cmake/ament_cmake_export_libraries-extras.cmake
[0.279s] -- Up-to-date symlink: /home/jiseong/ros2project/install/robot_control_interfaces/share/robot_control_interfaces/cmake/ament_cmake_export_targets-extras.cmake
[0.279s] -- Up-to-date symlink: /home/jiseong/ros2project/install/robot_control_interfaces/share/robot_control_interfaces/cmake/rosidl_cmake_export_typesupport_targets-extras.cmake
[0.279s] -- Up-to-date symlink: /home/jiseong/ros2project/install/robot_control_interfaces/share/robot_control_interfaces/cmake/rosidl_cmake_export_typesupport_libraries-extras.cmake
[0.279s] -- Up-to-date symlink: /home/jiseong/ros2project/install/robot_control_interfaces/share/robot_control_interfaces/cmake/robot_control_interfacesConfig.cmake
[0.279s] -- Up-to-date symlink: /home/jiseong/ros2project/install/robot_control_interfaces/share/robot_control_interfaces/cmake/robot_control_interfacesConfig-version.cmake
[0.279s] -- Up-to-date symlink: /home/jiseong/ros2project/install/robot_control_interfaces/share/robot_control_interfaces/package.xml
[0.279s] -- Up-to-date: /home/jiseong/ros2project/install/robot_control_interfaces/lib/librobot_control_interfaces__rosidl_generator_c.so
[0.279s] -- Up-to-date: /home/jiseong/ros2project/install/robot_control_interfaces/lib/librobot_control_interfaces__rosidl_typesupport_fastrtps_c.so
[0.280s] -- Up-to-date: /home/jiseong/ros2project/install/robot_control_interfaces/lib/librobot_control_interfaces__rosidl_typesupport_introspection_c.so
[0.280s] -- Up-to-date: /home/jiseong/ros2project/install/robot_control_interfaces/lib/librobot_control_interfaces__rosidl_typesupport_c.so
[0.280s] -- Up-to-date: /home/jiseong/ros2project/install/robot_control_interfaces/lib/librobot_control_interfaces__rosidl_typesupport_fastrtps_cpp.so
[0.280s] -- Up-to-date: /home/jiseong/ros2project/install/robot_control_interfaces/lib/librobot_control_interfaces__rosidl_typesupport_introspection_cpp.so
[0.280s] -- Up-to-date: /home/jiseong/ros2project/install/robot_control_interfaces/lib/librobot_control_interfaces__rosidl_typesupport_cpp.so
[0.302s] Listing '/home/jiseong/ros2project/install/robot_control_interfaces/local/lib/python3.10/dist-packages/robot_control_interfaces'...
[0.302s] Listing '/home/jiseong/ros2project/install/robot_control_interfaces/local/lib/python3.10/dist-packages/robot_control_interfaces/action'...
[0.302s] Listing '/home/jiseong/ros2project/install/robot_control_interfaces/local/lib/python3.10/dist-packages/robot_control_interfaces/srv'...
[0.305s] -- Up-to-date: /home/jiseong/ros2project/install/robot_control_interfaces/lib/librobot_control_interfaces__rosidl_generator_py.so
[0.305s] -- Up-to-date: /home/jiseong/ros2project/install/robot_control_interfaces/share/robot_control_interfaces/cmake/export_robot_control_interfaces__rosidl_generator_cExport.cmake
[0.305s] -- Up-to-date: /home/jiseong/ros2project/install/robot_control_interfaces/share/robot_control_interfaces/cmake/export_robot_control_interfaces__rosidl_generator_cExport-noconfig.cmake
[0.305s] -- Up-to-date: /home/jiseong/ros2project/install/robot_control_interfaces/share/robot_control_interfaces/cmake/export_robot_control_interfaces__rosidl_typesupport_fastrtps_cExport.cmake
[0.306s] -- Up-to-date: /home/jiseong/ros2project/install/robot_control_interfaces/share/robot_control_interfaces/cmake/export_robot_control_interfaces__rosidl_typesupport_fastrtps_cExport-noconfig.cmake
[0.306s] -- Up-to-date: /home/jiseong/ros2project/install/robot_control_interfaces/share/robot_control_interfaces/cmake/robot_control_interfaces__rosidl_typesupport_introspection_cExport.cmake
[0.306s] -- Up-to-date: /home/jiseong/ros2project/install/robot_control_interfaces/share/robot_control_interfaces/cmake/robot_control_interfaces__rosidl_typesupport_introspection_cExport-noconfig.cmake
[0.306s] -- Up-to-date: /home/jiseong/ros2project/install/robot_control_interfaces/share/robot_control_interfaces/cmake/robot_control_interfaces__rosidl_typesupport_cExport.cmake
[0.306s] -- Up-to-date: /home/jiseong/ros2project/install/robot_control_interfaces/share/robot_control_interfaces/cmake/robot_control_interfaces__rosidl_typesupport_cExport-noconfig.cmake
[0.306s] -- Up-to-date: /home/jiseong/ros2project/install/robot_control_interfaces/share/robot_control_interfaces/cmake/export_robot_control_interfaces__rosidl_generator_cppExport.cmake
[0.306s] -- Up-to-date: /home/jiseong/ros2project/install/robot_control_interfaces/share/robot_control_interfaces/cmake/export_robot_control_interfaces__rosidl_typesupport_fastrtps_cppExport.cmake
[0.306s] -- Up-to-date: /home/jiseong/ros2project/install/robot_control_interfaces/share/robot_control_interfaces/cmake/export_robot_control_interfaces__rosidl_typesupport_fastrtps_cppExport-noconfig.cmake
[0.306s] -- Up-to-date: /home/jiseong/ros2project/install/robot_control_interfaces/share/robot_control_interfaces/cmake/robot_control_interfaces__rosidl_typesupport_introspection_cppExport.cmake
[0.306s] -- Up-to-date: /home/jiseong/ros2project/install/robot_control_interfaces/share/robot_control_interfaces/cmake/robot_control_interfaces__rosidl_typesupport_introspection_cppExport-noconfig.cmake
[0.306s] -- Up-to-date: /home/jiseong/ros2project/install/robot_control_interfaces/share/robot_control_interfaces/cmake/robot_control_interfaces__rosidl_typesupport_cppExport.cmake
[0.307s] -- Up-to-date: /home/jiseong/ros2project/install/robot_control_interfaces/share/robot_control_interfaces/cmake/robot_control_interfaces__rosidl_typesupport_cppExport-noconfig.cmake
[0.307s] -- Up-to-date: /home/jiseong/ros2project/install/robot_control_interfaces/share/robot_control_interfaces/cmake/export_robot_control_interfaces__rosidl_generator_pyExport.cmake
[0.307s] -- Up-to-date: /home/jiseong/ros2project/install/robot_control_interfaces/share/robot_control_interfaces/cmake/export_robot_control_interfaces__rosidl_generator_pyExport-noconfig.cmake
[0.308s] Invoked command in '/home/jiseong/ros2project/build/robot_control_interfaces' returned '0': CMAKE_PREFIX_PATH=${CMAKE_PREFIX_PATH}:/home/jiseong/ros2project/install/robot_control_pkg:/opt/ros/humble /usr/bin/cmake --install /home/jiseong/ros2project/build/robot_control_interfaces
