[0.008s] Invoking command in '/home/jiseong/ros2project/build/robot_control_interfaces': CMAKE_PREFIX_PATH=${CMAKE_PREFIX_PATH}:/opt/ros/humble:/home/jiseong/ros2project/install/robot_control_pkg /usr/bin/cmake /home/jiseong/ros2project/src/robot_control_interfaces -DCMAKE_INSTALL_PREFIX=/home/jiseong/ros2project/install/robot_control_interfaces
[0.015s] -- Found ament_cmake: 1.3.12 (/opt/ros/humble/share/ament_cmake/cmake)
[0.095s] -- Override CMake install command with custom implementation using symlinks instead of copying resources
[0.099s] -- Found ament_lint_auto: 0.12.14 (/opt/ros/humble/share/ament_lint_auto/cmake)
[0.144s] -- Found rosidl_default_generators: 1.2.0 (/opt/ros/humble/share/rosidl_default_generators/cmake)
[0.145s] -- Using all available rosidl_typesupport_c: rosidl_typesupport_fastrtps_c;rosidl_typesupport_introspection_c
[0.146s] -- Found rosidl_adapter: 3.1.7 (/opt/ros/humble/share/rosidl_adapter/cmake)
[0.283s] -- Using all available rosidl_typesupport_cpp: rosidl_typesupport_fastrtps_cpp;rosidl_typesupport_introspection_cpp
[0.444s] -- Found ament_cmake_ros: 0.10.0 (/opt/ros/humble/share/ament_cmake_ros/cmake)
[0.564s] -- Using all available rosidl_typesupport_c: rosidl_typesupport_fastrtps_c;rosidl_typesupport_introspection_c
[0.728s] -- Using all available rosidl_typesupport_cpp: rosidl_typesupport_fastrtps_cpp;rosidl_typesupport_introspection_cpp
[0.744s] -- Found python_cmake_module: 0.10.0 (/opt/ros/humble/share/python_cmake_module/cmake)
[0.759s] -- Using PYTHON_EXECUTABLE: /usr/bin/python3
[0.759s] -- Using PYTHON_INCLUDE_DIRS: /usr/include/python3.10
[0.759s] -- Using PYTHON_LIBRARIES: /usr/lib/x86_64-linux-gnu/libpython3.10.so
[0.774s] -- Added test 'lint_cmake' to check CMake code style
[0.775s] -- Added test 'xmllint' to check XML markup files
[0.778s] -- Configuring done
[0.804s] -- Generating done
[0.814s] -- Build files have been written to: /home/jiseong/ros2project/build/robot_control_interfaces
[0.819s] Invoked command in '/home/jiseong/ros2project/build/robot_control_interfaces' returned '0': CMAKE_PREFIX_PATH=${CMAKE_PREFIX_PATH}:/opt/ros/humble:/home/jiseong/ros2project/install/robot_control_pkg /usr/bin/cmake /home/jiseong/ros2project/src/robot_control_interfaces -DCMAKE_INSTALL_PREFIX=/home/jiseong/ros2project/install/robot_control_interfaces
[0.821s] Invoking command in '/home/jiseong/ros2project/build/robot_control_interfaces': CMAKE_PREFIX_PATH=${CMAKE_PREFIX_PATH}:/opt/ros/humble:/home/jiseong/ros2project/install/robot_control_pkg /usr/bin/cmake --build /home/jiseong/ros2project/build/robot_control_interfaces -- -j20 -l20
[0.847s] [  2%] [34m[1mGenerating C code for ROS interfaces[0m
[0.854s] [  5%] [34m[1mGenerating C++ code for ROS interfaces[0m
[0.871s] [  5%] Built target ament_cmake_python_symlink_robot_control_interfaces
[1.089s] running egg_info
[1.090s] writing robot_control_interfaces.egg-info/PKG-INFO
[1.090s] writing dependency_links to robot_control_interfaces.egg-info/dependency_links.txt
[1.090s] writing top-level names to robot_control_interfaces.egg-info/top_level.txt
[1.091s] reading manifest file 'robot_control_interfaces.egg-info/SOURCES.txt'
[1.092s] writing manifest file 'robot_control_interfaces.egg-info/SOURCES.txt'
[1.109s] [  5%] Built target ament_cmake_python_build_robot_control_interfaces_egg
[1.184s] [35m[1mConsolidate compiler generated dependencies of target robot_control_interfaces__rosidl_generator_c[0m
[1.193s] [  7%] [32mBuilding C object CMakeFiles/robot_control_interfaces__rosidl_generator_c.dir/rosidl_generator_c/robot_control_interfaces/srv/detail/llm_command__functions.c.o[0m
[1.193s] [ 10%] [32mBuilding C object CMakeFiles/robot_control_interfaces__rosidl_generator_c.dir/rosidl_generator_c/robot_control_interfaces/action/detail/move__functions.c.o[0m
[1.203s] [ 10%] Built target robot_control_interfaces__cpp
[1.210s] [ 17%] [34m[1mGenerating C++ type support dispatch for ROS interfaces[0m
[1.210s] [ 17%] [34m[1mGenerating C++ type support for eProsima Fast-RTPS[0m
[1.211s] [ 17%] [34m[1mGenerating C++ introspection for ROS interfaces[0m
[1.275s] [ 20%] [32m[1mLinking C shared library librobot_control_interfaces__rosidl_generator_c.so[0m
[1.403s] [35m[1mConsolidate compiler generated dependencies of target robot_control_interfaces__rosidl_typesupport_cpp[0m
[1.412s] [ 25%] [32mBuilding CXX object CMakeFiles/robot_control_interfaces__rosidl_typesupport_cpp.dir/rosidl_typesupport_cpp/robot_control_interfaces/srv/llm_command__type_support.cpp.o[0m
[1.412s] [ 25%] [32mBuilding CXX object CMakeFiles/robot_control_interfaces__rosidl_typesupport_cpp.dir/rosidl_typesupport_cpp/robot_control_interfaces/action/move__type_support.cpp.o[0m
[1.428s] [35m[1mConsolidate compiler generated dependencies of target robot_control_interfaces__rosidl_typesupport_introspection_cpp[0m
[1.434s] [ 25%] Built target robot_control_interfaces__rosidl_generator_c
[1.439s] [ 30%] [32mBuilding CXX object CMakeFiles/robot_control_interfaces__rosidl_typesupport_introspection_cpp.dir/rosidl_typesupport_introspection_cpp/robot_control_interfaces/srv/detail/llm_command__type_support.cpp.o[0m
[1.439s] [ 30%] [32mBuilding CXX object CMakeFiles/robot_control_interfaces__rosidl_typesupport_introspection_cpp.dir/rosidl_typesupport_introspection_cpp/robot_control_interfaces/action/detail/move__type_support.cpp.o[0m
[1.441s] [ 33%] [34m[1mGenerating C type support for eProsima Fast-RTPS[0m
[1.442s] [ 35%] [34m[1mGenerating C type support dispatch for ROS interfaces[0m
[1.443s] [ 38%] [34m[1mGenerating C introspection for ROS interfaces[0m
[1.497s] [35m[1mConsolidate compiler generated dependencies of target robot_control_interfaces__rosidl_typesupport_fastrtps_cpp[0m
[1.509s] [ 41%] [32mBuilding CXX object CMakeFiles/robot_control_interfaces__rosidl_typesupport_fastrtps_cpp.dir/rosidl_typesupport_fastrtps_cpp/robot_control_interfaces/srv/detail/dds_fastrtps/llm_command__type_support.cpp.o[0m
[1.509s] [ 43%] [32mBuilding CXX object CMakeFiles/robot_control_interfaces__rosidl_typesupport_fastrtps_cpp.dir/rosidl_typesupport_fastrtps_cpp/robot_control_interfaces/action/detail/dds_fastrtps/move__type_support.cpp.o[0m
[1.721s] [35m[1mConsolidate compiler generated dependencies of target robot_control_interfaces__rosidl_typesupport_c[0m
[1.730s] [ 46%] [32mBuilding CXX object CMakeFiles/robot_control_interfaces__rosidl_typesupport_c.dir/rosidl_typesupport_c/robot_control_interfaces/srv/llm_command__type_support.cpp.o[0m
[1.734s] [ 48%] [32mBuilding CXX object CMakeFiles/robot_control_interfaces__rosidl_typesupport_c.dir/rosidl_typesupport_c/robot_control_interfaces/action/move__type_support.cpp.o[0m
[1.743s] [35m[1mConsolidate compiler generated dependencies of target robot_control_interfaces__rosidl_typesupport_introspection_c[0m
[1.746s] [35m[1mConsolidate compiler generated dependencies of target robot_control_interfaces__rosidl_typesupport_fastrtps_c[0m
[1.752s] [ 51%] [32mBuilding C object CMakeFiles/robot_control_interfaces__rosidl_typesupport_introspection_c.dir/rosidl_typesupport_introspection_c/robot_control_interfaces/srv/detail/llm_command__type_support.c.o[0m
[1.754s] [ 53%] [32mBuilding C object CMakeFiles/robot_control_interfaces__rosidl_typesupport_introspection_c.dir/rosidl_typesupport_introspection_c/robot_control_interfaces/action/detail/move__type_support.c.o[0m
[1.756s] [ 58%] [32mBuilding CXX object CMakeFiles/robot_control_interfaces__rosidl_typesupport_fastrtps_c.dir/rosidl_typesupport_fastrtps_c/robot_control_interfaces/action/detail/move__type_support_c.cpp.o[0m
[1.756s] [ 58%] [32mBuilding CXX object CMakeFiles/robot_control_interfaces__rosidl_typesupport_fastrtps_c.dir/rosidl_typesupport_fastrtps_c/robot_control_interfaces/srv/detail/llm_command__type_support_c.cpp.o[0m
[1.773s] [ 61%] [32m[1mLinking CXX shared library librobot_control_interfaces__rosidl_typesupport_c.so[0m
[1.784s] [ 64%] [32m[1mLinking CXX shared library librobot_control_interfaces__rosidl_typesupport_cpp.so[0m
[1.787s] [ 66%] [32m[1mLinking C shared library librobot_control_interfaces__rosidl_typesupport_introspection_c.so[0m
[1.863s] [ 66%] Built target robot_control_interfaces__rosidl_typesupport_introspection_c
[1.868s] [ 66%] Built target robot_control_interfaces__rosidl_typesupport_c
[1.871s] [ 69%] [32m[1mLinking CXX shared library librobot_control_interfaces__rosidl_typesupport_introspection_cpp.so[0m
[1.871s] [ 69%] Built target robot_control_interfaces__rosidl_typesupport_cpp
[1.908s] [ 71%] [32m[1mLinking CXX shared library librobot_control_interfaces__rosidl_typesupport_fastrtps_cpp.so[0m
[1.995s] [ 74%] [32m[1mLinking CXX shared library librobot_control_interfaces__rosidl_typesupport_fastrtps_c.so[0m
[2.046s] [ 74%] Built target robot_control_interfaces__rosidl_typesupport_introspection_cpp
[2.095s] [ 74%] Built target robot_control_interfaces__rosidl_typesupport_fastrtps_cpp
[2.256s] [ 74%] Built target robot_control_interfaces__rosidl_typesupport_fastrtps_c
[2.269s] [ 74%] Built target robot_control_interfaces
[2.283s] [ 76%] [34m[1mGenerating Python code for ROS interfaces[0m
[2.781s] [ 76%] Built target robot_control_interfaces__py
[2.788s] [35m[1mConsolidate compiler generated dependencies of target robot_control_interfaces__rosidl_generator_py[0m
[2.797s] [ 79%] [32mBuilding C object CMakeFiles/robot_control_interfaces__rosidl_generator_py.dir/rosidl_generator_py/robot_control_interfaces/srv/_llm_command_s.c.o[0m
[2.797s] [ 82%] [32mBuilding C object CMakeFiles/robot_control_interfaces__rosidl_generator_py.dir/rosidl_generator_py/robot_control_interfaces/action/_move_s.c.o[0m
[2.880s] [ 84%] [32m[1mLinking C shared library rosidl_generator_py/robot_control_interfaces/librobot_control_interfaces__rosidl_generator_py.so[0m
[2.999s] [ 84%] Built target robot_control_interfaces__rosidl_generator_py
[3.005s] [35m[1mConsolidate compiler generated dependencies of target robot_control_interfaces__rosidl_typesupport_c__pyext[0m
[3.005s] [35m[1mConsolidate compiler generated dependencies of target robot_control_interfaces__rosidl_typesupport_fastrtps_c__pyext[0m
[3.006s] [35m[1mConsolidate compiler generated dependencies of target robot_control_interfaces__rosidl_typesupport_introspection_c__pyext[0m
[3.014s] [ 92%] [32mBuilding C object CMakeFiles/robot_control_interfaces__rosidl_typesupport_c__pyext.dir/rosidl_generator_py/robot_control_interfaces/_robot_control_interfaces_s.ep.rosidl_typesupport_c.c.o[0m
[3.014s] [ 92%] [32mBuilding C object CMakeFiles/robot_control_interfaces__rosidl_typesupport_introspection_c__pyext.dir/rosidl_generator_py/robot_control_interfaces/_robot_control_interfaces_s.ep.rosidl_typesupport_introspection_c.c.o[0m
[3.014s] [ 92%] [32mBuilding C object CMakeFiles/robot_control_interfaces__rosidl_typesupport_fastrtps_c__pyext.dir/rosidl_generator_py/robot_control_interfaces/_robot_control_interfaces_s.ep.rosidl_typesupport_fastrtps_c.c.o[0m
[3.090s] [ 94%] [32m[1mLinking C shared library rosidl_generator_py/robot_control_interfaces/robot_control_interfaces_s__rosidl_typesupport_c.cpython-310-x86_64-linux-gnu.so[0m
[3.090s] [ 97%] [32m[1mLinking C shared library rosidl_generator_py/robot_control_interfaces/robot_control_interfaces_s__rosidl_typesupport_introspection_c.cpython-310-x86_64-linux-gnu.so[0m
[3.093s] [100%] [32m[1mLinking C shared library rosidl_generator_py/robot_control_interfaces/robot_control_interfaces_s__rosidl_typesupport_fastrtps_c.cpython-310-x86_64-linux-gnu.so[0m
[3.165s] [100%] Built target robot_control_interfaces__rosidl_typesupport_introspection_c__pyext
[3.166s] [100%] Built target robot_control_interfaces__rosidl_typesupport_c__pyext
[3.213s] [100%] Built target robot_control_interfaces__rosidl_typesupport_fastrtps_c__pyext
[3.223s] Invoked command in '/home/jiseong/ros2project/build/robot_control_interfaces' returned '0': CMAKE_PREFIX_PATH=${CMAKE_PREFIX_PATH}:/opt/ros/humble:/home/jiseong/ros2project/install/robot_control_pkg /usr/bin/cmake --build /home/jiseong/ros2project/build/robot_control_interfaces -- -j20 -l20
[3.232s] Invoking command in '/home/jiseong/ros2project/build/robot_control_interfaces': CMAKE_PREFIX_PATH=${CMAKE_PREFIX_PATH}:/opt/ros/humble:/home/jiseong/ros2project/install/robot_control_pkg /usr/bin/cmake --install /home/jiseong/ros2project/build/robot_control_interfaces
[3.236s] -- Install configuration: ""
[3.236s] -- Execute custom install script
[3.237s] -- Up-to-date symlink: /home/jiseong/ros2project/install/robot_control_interfaces/share/ament_index/resource_index/rosidl_interfaces/robot_control_interfaces
[3.237s] -- Up-to-date symlink: /home/jiseong/ros2project/install/robot_control_interfaces/include/robot_control_interfaces/robot_control_interfaces/action/detail/move__functions.h
[3.238s] -- Up-to-date symlink: /home/jiseong/ros2project/install/robot_control_interfaces/include/robot_control_interfaces/robot_control_interfaces/action/detail/move__struct.h
[3.238s] -- Up-to-date symlink: /home/jiseong/ros2project/install/robot_control_interfaces/include/robot_control_interfaces/robot_control_interfaces/action/detail/move__type_support.h
[3.238s] -- Up-to-date symlink: /home/jiseong/ros2project/install/robot_control_interfaces/include/robot_control_interfaces/robot_control_interfaces/action/move.h
[3.238s] -- Up-to-date symlink: /home/jiseong/ros2project/install/robot_control_interfaces/include/robot_control_interfaces/robot_control_interfaces/msg/rosidl_generator_c__visibility_control.h
[3.239s] -- Up-to-date symlink: /home/jiseong/ros2project/install/robot_control_interfaces/include/robot_control_interfaces/robot_control_interfaces/srv/detail/llm_command__functions.h
[3.239s] -- Up-to-date symlink: /home/jiseong/ros2project/install/robot_control_interfaces/include/robot_control_interfaces/robot_control_interfaces/srv/detail/llm_command__struct.h
[3.239s] -- Up-to-date symlink: /home/jiseong/ros2project/install/robot_control_interfaces/include/robot_control_interfaces/robot_control_interfaces/srv/detail/llm_command__type_support.h
[3.239s] -- Up-to-date symlink: /home/jiseong/ros2project/install/robot_control_interfaces/include/robot_control_interfaces/robot_control_interfaces/srv/llm_command.h
[3.240s] -- Up-to-date symlink: /home/jiseong/ros2project/install/robot_control_interfaces/share/robot_control_interfaces/environment/library_path.sh
[3.240s] -- Up-to-date symlink: /home/jiseong/ros2project/install/robot_control_interfaces/share/robot_control_interfaces/environment/library_path.dsv
[3.240s] -- Up-to-date symlink: /home/jiseong/ros2project/install/robot_control_interfaces/include/robot_control_interfaces/robot_control_interfaces/action/detail/move__rosidl_typesupport_fastrtps_c.h
[3.240s] -- Up-to-date symlink: /home/jiseong/ros2project/install/robot_control_interfaces/include/robot_control_interfaces/robot_control_interfaces/msg/rosidl_typesupport_fastrtps_c__visibility_control.h
[3.241s] -- Up-to-date symlink: /home/jiseong/ros2project/install/robot_control_interfaces/include/robot_control_interfaces/robot_control_interfaces/srv/detail/llm_command__rosidl_typesupport_fastrtps_c.h
[3.241s] -- Up-to-date symlink: /home/jiseong/ros2project/install/robot_control_interfaces/include/robot_control_interfaces/robot_control_interfaces/action/detail/move__rosidl_typesupport_introspection_c.h
[3.241s] -- Up-to-date symlink: /home/jiseong/ros2project/install/robot_control_interfaces/include/robot_control_interfaces/robot_control_interfaces/msg/rosidl_typesupport_introspection_c__visibility_control.h
[3.241s] -- Up-to-date symlink: /home/jiseong/ros2project/install/robot_control_interfaces/include/robot_control_interfaces/robot_control_interfaces/srv/detail/llm_command__rosidl_typesupport_introspection_c.h
[3.241s] -- Up-to-date symlink: /home/jiseong/ros2project/install/robot_control_interfaces/include/robot_control_interfaces/robot_control_interfaces/action/detail/move__builder.hpp
[3.242s] -- Up-to-date symlink: /home/jiseong/ros2project/install/robot_control_interfaces/include/robot_control_interfaces/robot_control_interfaces/action/detail/move__struct.hpp
[3.242s] -- Up-to-date symlink: /home/jiseong/ros2project/install/robot_control_interfaces/include/robot_control_interfaces/robot_control_interfaces/action/detail/move__traits.hpp
[3.242s] -- Up-to-date symlink: /home/jiseong/ros2project/install/robot_control_interfaces/include/robot_control_interfaces/robot_control_interfaces/action/detail/move__type_support.hpp
[3.243s] -- Up-to-date symlink: /home/jiseong/ros2project/install/robot_control_interfaces/include/robot_control_interfaces/robot_control_interfaces/action/move.hpp
[3.243s] -- Up-to-date symlink: /home/jiseong/ros2project/install/robot_control_interfaces/include/robot_control_interfaces/robot_control_interfaces/msg/rosidl_generator_cpp__visibility_control.hpp
[3.243s] -- Up-to-date symlink: /home/jiseong/ros2project/install/robot_control_interfaces/include/robot_control_interfaces/robot_control_interfaces/srv/detail/llm_command__builder.hpp
[3.243s] -- Up-to-date symlink: /home/jiseong/ros2project/install/robot_control_interfaces/include/robot_control_interfaces/robot_control_interfaces/srv/detail/llm_command__struct.hpp
[3.244s] -- Up-to-date symlink: /home/jiseong/ros2project/install/robot_control_interfaces/include/robot_control_interfaces/robot_control_interfaces/srv/detail/llm_command__traits.hpp
[3.244s] -- Up-to-date symlink: /home/jiseong/ros2project/install/robot_control_interfaces/include/robot_control_interfaces/robot_control_interfaces/srv/detail/llm_command__type_support.hpp
[3.244s] -- Up-to-date symlink: /home/jiseong/ros2project/install/robot_control_interfaces/include/robot_control_interfaces/robot_control_interfaces/srv/llm_command.hpp
[3.245s] -- Up-to-date symlink: /home/jiseong/ros2project/install/robot_control_interfaces/include/robot_control_interfaces/robot_control_interfaces/action/detail/move__rosidl_typesupport_fastrtps_cpp.hpp
[3.245s] -- Up-to-date symlink: /home/jiseong/ros2project/install/robot_control_interfaces/include/robot_control_interfaces/robot_control_interfaces/msg/rosidl_typesupport_fastrtps_cpp__visibility_control.h
[3.245s] -- Up-to-date symlink: /home/jiseong/ros2project/install/robot_control_interfaces/include/robot_control_interfaces/robot_control_interfaces/srv/detail/llm_command__rosidl_typesupport_fastrtps_cpp.hpp
[3.245s] -- Up-to-date symlink: /home/jiseong/ros2project/install/robot_control_interfaces/include/robot_control_interfaces/robot_control_interfaces/action/detail/move__rosidl_typesupport_introspection_cpp.hpp
[3.246s] -- Up-to-date symlink: /home/jiseong/ros2project/install/robot_control_interfaces/include/robot_control_interfaces/robot_control_interfaces/srv/detail/llm_command__rosidl_typesupport_introspection_cpp.hpp
[3.246s] -- Up-to-date symlink: /home/jiseong/ros2project/install/robot_control_interfaces/share/robot_control_interfaces/environment/pythonpath.sh
[3.246s] -- Up-to-date symlink: /home/jiseong/ros2project/install/robot_control_interfaces/share/robot_control_interfaces/environment/pythonpath.dsv
[3.246s] -- Up-to-date symlink: /home/jiseong/ros2project/install/robot_control_interfaces/local/lib/python3.10/dist-packages/robot_control_interfaces-0.0.0-py3.10.egg-info/PKG-INFO
[3.247s] -- Up-to-date symlink: /home/jiseong/ros2project/install/robot_control_interfaces/local/lib/python3.10/dist-packages/robot_control_interfaces-0.0.0-py3.10.egg-info/SOURCES.txt
[3.247s] -- Up-to-date symlink: /home/jiseong/ros2project/install/robot_control_interfaces/local/lib/python3.10/dist-packages/robot_control_interfaces-0.0.0-py3.10.egg-info/dependency_links.txt
[3.247s] -- Up-to-date symlink: /home/jiseong/ros2project/install/robot_control_interfaces/local/lib/python3.10/dist-packages/robot_control_interfaces-0.0.0-py3.10.egg-info/top_level.txt
[3.247s] -- Up-to-date symlink: /home/jiseong/ros2project/install/robot_control_interfaces/local/lib/python3.10/dist-packages/robot_control_interfaces/__init__.py
[3.247s] -- Up-to-date symlink: /home/jiseong/ros2project/install/robot_control_interfaces/local/lib/python3.10/dist-packages/robot_control_interfaces/_robot_control_interfaces_s.ep.rosidl_typesupport_c.c
[3.247s] -- Up-to-date symlink: /home/jiseong/ros2project/install/robot_control_interfaces/local/lib/python3.10/dist-packages/robot_control_interfaces/_robot_control_interfaces_s.ep.rosidl_typesupport_fastrtps_c.c
[3.247s] -- Up-to-date symlink: /home/jiseong/ros2project/install/robot_control_interfaces/local/lib/python3.10/dist-packages/robot_control_interfaces/_robot_control_interfaces_s.ep.rosidl_typesupport_introspection_c.c
[3.247s] -- Up-to-date symlink: /home/jiseong/ros2project/install/robot_control_interfaces/local/lib/python3.10/dist-packages/robot_control_interfaces/action/__init__.py
[3.247s] -- Up-to-date symlink: /home/jiseong/ros2project/install/robot_control_interfaces/local/lib/python3.10/dist-packages/robot_control_interfaces/action/_move.py
[3.247s] -- Up-to-date symlink: /home/jiseong/ros2project/install/robot_control_interfaces/local/lib/python3.10/dist-packages/robot_control_interfaces/action/_move_s.c
[3.247s] -- Up-to-date symlink: /home/jiseong/ros2project/install/robot_control_interfaces/local/lib/python3.10/dist-packages/robot_control_interfaces/librobot_control_interfaces__rosidl_generator_py.so
[3.247s] -- Up-to-date symlink: /home/jiseong/ros2project/install/robot_control_interfaces/local/lib/python3.10/dist-packages/robot_control_interfaces/robot_control_interfaces_s__rosidl_typesupport_c.cpython-310-x86_64-linux-gnu.so
[3.247s] -- Up-to-date symlink: /home/jiseong/ros2project/install/robot_control_interfaces/local/lib/python3.10/dist-packages/robot_control_interfaces/robot_control_interfaces_s__rosidl_typesupport_fastrtps_c.cpython-310-x86_64-linux-gnu.so
[3.247s] -- Up-to-date symlink: /home/jiseong/ros2project/install/robot_control_interfaces/local/lib/python3.10/dist-packages/robot_control_interfaces/robot_control_interfaces_s__rosidl_typesupport_introspection_c.cpython-310-x86_64-linux-gnu.so
[3.247s] -- Up-to-date symlink: /home/jiseong/ros2project/install/robot_control_interfaces/local/lib/python3.10/dist-packages/robot_control_interfaces/srv/__init__.py
[3.247s] -- Up-to-date symlink: /home/jiseong/ros2project/install/robot_control_interfaces/local/lib/python3.10/dist-packages/robot_control_interfaces/srv/_llm_command.py
[3.247s] -- Up-to-date symlink: /home/jiseong/ros2project/install/robot_control_interfaces/local/lib/python3.10/dist-packages/robot_control_interfaces/srv/_llm_command_s.c
[3.247s] -- Up-to-date symlink: /home/jiseong/ros2project/install/robot_control_interfaces/local/lib/python3.10/dist-packages/robot_control_interfaces/robot_control_interfaces_s__rosidl_typesupport_fastrtps_c.cpython-310-x86_64-linux-gnu.so
[3.247s] -- Up-to-date symlink: /home/jiseong/ros2project/install/robot_control_interfaces/local/lib/python3.10/dist-packages/robot_control_interfaces/robot_control_interfaces_s__rosidl_typesupport_introspection_c.cpython-310-x86_64-linux-gnu.so
[3.247s] -- Up-to-date symlink: /home/jiseong/ros2project/install/robot_control_interfaces/local/lib/python3.10/dist-packages/robot_control_interfaces/robot_control_interfaces_s__rosidl_typesupport_c.cpython-310-x86_64-linux-gnu.so
[3.247s] -- Up-to-date symlink: /home/jiseong/ros2project/install/robot_control_interfaces/share/robot_control_interfaces/srv/LLMCommand.idl
[3.247s] -- Up-to-date symlink: /home/jiseong/ros2project/install/robot_control_interfaces/share/robot_control_interfaces/action/Move.idl
[3.247s] -- Up-to-date symlink: /home/jiseong/ros2project/install/robot_control_interfaces/share/robot_control_interfaces/srv/LLMCommand.srv
[3.247s] -- Up-to-date symlink: /home/jiseong/ros2project/install/robot_control_interfaces/share/robot_control_interfaces/srv/LLMCommand_Request.msg
[3.247s] -- Up-to-date symlink: /home/jiseong/ros2project/install/robot_control_interfaces/share/robot_control_interfaces/srv/LLMCommand_Response.msg
[3.247s] -- Up-to-date symlink: /home/jiseong/ros2project/install/robot_control_interfaces/share/robot_control_interfaces/action/Move.action
[3.247s] -- Up-to-date symlink: /home/jiseong/ros2project/install/robot_control_interfaces/share/ament_index/resource_index/package_run_dependencies/robot_control_interfaces
[3.247s] -- Up-to-date symlink: /home/jiseong/ros2project/install/robot_control_interfaces/share/ament_index/resource_index/parent_prefix_path/robot_control_interfaces
[3.247s] -- Up-to-date symlink: /home/jiseong/ros2project/install/robot_control_interfaces/share/robot_control_interfaces/environment/ament_prefix_path.sh
[3.248s] -- Up-to-date symlink: /home/jiseong/ros2project/install/robot_control_interfaces/share/robot_control_interfaces/environment/ament_prefix_path.dsv
[3.248s] -- Up-to-date symlink: /home/jiseong/ros2project/install/robot_control_interfaces/share/robot_control_interfaces/environment/path.sh
[3.248s] -- Up-to-date symlink: /home/jiseong/ros2project/install/robot_control_interfaces/share/robot_control_interfaces/environment/path.dsv
[3.248s] -- Up-to-date symlink: /home/jiseong/ros2project/install/robot_control_interfaces/share/robot_control_interfaces/local_setup.bash
[3.248s] -- Up-to-date symlink: /home/jiseong/ros2project/install/robot_control_interfaces/share/robot_control_interfaces/local_setup.sh
[3.248s] -- Up-to-date symlink: /home/jiseong/ros2project/install/robot_control_interfaces/share/robot_control_interfaces/local_setup.zsh
[3.248s] -- Up-to-date symlink: /home/jiseong/ros2project/install/robot_control_interfaces/share/robot_control_interfaces/local_setup.dsv
[3.248s] -- Symlinking: /home/jiseong/ros2project/install/robot_control_interfaces/share/robot_control_interfaces/package.dsv
[3.255s] -- Up-to-date symlink: /home/jiseong/ros2project/install/robot_control_interfaces/share/ament_index/resource_index/packages/robot_control_interfaces
[3.255s] -- Up-to-date symlink: /home/jiseong/ros2project/install/robot_control_interfaces/share/robot_control_interfaces/cmake/rosidl_cmake-extras.cmake
[3.255s] -- Up-to-date symlink: /home/jiseong/ros2project/install/robot_control_interfaces/share/robot_control_interfaces/cmake/ament_cmake_export_dependencies-extras.cmake
[3.255s] -- Up-to-date symlink: /home/jiseong/ros2project/install/robot_control_interfaces/share/robot_control_interfaces/cmake/ament_cmake_export_include_directories-extras.cmake
[3.255s] -- Up-to-date symlink: /home/jiseong/ros2project/install/robot_control_interfaces/share/robot_control_interfaces/cmake/ament_cmake_export_libraries-extras.cmake
[3.255s] -- Up-to-date symlink: /home/jiseong/ros2project/install/robot_control_interfaces/share/robot_control_interfaces/cmake/ament_cmake_export_targets-extras.cmake
[3.255s] -- Up-to-date symlink: /home/jiseong/ros2project/install/robot_control_interfaces/share/robot_control_interfaces/cmake/rosidl_cmake_export_typesupport_targets-extras.cmake
[3.255s] -- Up-to-date symlink: /home/jiseong/ros2project/install/robot_control_interfaces/share/robot_control_interfaces/cmake/rosidl_cmake_export_typesupport_libraries-extras.cmake
[3.255s] -- Up-to-date symlink: /home/jiseong/ros2project/install/robot_control_interfaces/share/robot_control_interfaces/cmake/robot_control_interfacesConfig.cmake
[3.255s] -- Up-to-date symlink: /home/jiseong/ros2project/install/robot_control_interfaces/share/robot_control_interfaces/cmake/robot_control_interfacesConfig-version.cmake
[3.257s] -- Up-to-date symlink: /home/jiseong/ros2project/install/robot_control_interfaces/share/robot_control_interfaces/package.xml
[3.258s] -- Installing: /home/jiseong/ros2project/install/robot_control_interfaces/lib/librobot_control_interfaces__rosidl_generator_c.so
[3.258s] -- Set runtime path of "/home/jiseong/ros2project/install/robot_control_interfaces/lib/librobot_control_interfaces__rosidl_generator_c.so" to ""
[3.258s] -- Installing: /home/jiseong/ros2project/install/robot_control_interfaces/lib/librobot_control_interfaces__rosidl_typesupport_fastrtps_c.so
[3.258s] -- Set runtime path of "/home/jiseong/ros2project/install/robot_control_interfaces/lib/librobot_control_interfaces__rosidl_typesupport_fastrtps_c.so" to ""
[3.258s] -- Installing: /home/jiseong/ros2project/install/robot_control_interfaces/lib/librobot_control_interfaces__rosidl_typesupport_introspection_c.so
[3.258s] -- Set runtime path of "/home/jiseong/ros2project/install/robot_control_interfaces/lib/librobot_control_interfaces__rosidl_typesupport_introspection_c.so" to ""
[3.258s] -- Installing: /home/jiseong/ros2project/install/robot_control_interfaces/lib/librobot_control_interfaces__rosidl_typesupport_c.so
[3.258s] -- Set runtime path of "/home/jiseong/ros2project/install/robot_control_interfaces/lib/librobot_control_interfaces__rosidl_typesupport_c.so" to ""
[3.258s] -- Installing: /home/jiseong/ros2project/install/robot_control_interfaces/lib/librobot_control_interfaces__rosidl_typesupport_fastrtps_cpp.so
[3.258s] -- Set runtime path of "/home/jiseong/ros2project/install/robot_control_interfaces/lib/librobot_control_interfaces__rosidl_typesupport_fastrtps_cpp.so" to ""
[3.259s] -- Installing: /home/jiseong/ros2project/install/robot_control_interfaces/lib/librobot_control_interfaces__rosidl_typesupport_introspection_cpp.so
[3.259s] -- Set runtime path of "/home/jiseong/ros2project/install/robot_control_interfaces/lib/librobot_control_interfaces__rosidl_typesupport_introspection_cpp.so" to ""
[3.259s] -- Installing: /home/jiseong/ros2project/install/robot_control_interfaces/lib/librobot_control_interfaces__rosidl_typesupport_cpp.so
[3.259s] -- Set runtime path of "/home/jiseong/ros2project/install/robot_control_interfaces/lib/librobot_control_interfaces__rosidl_typesupport_cpp.so" to ""
[3.303s] Listing '/home/jiseong/ros2project/install/robot_control_interfaces/local/lib/python3.10/dist-packages/robot_control_interfaces'...
[3.303s] Compiling '/home/jiseong/ros2project/install/robot_control_interfaces/local/lib/python3.10/dist-packages/robot_control_interfaces/__init__.py'...
[3.303s] Listing '/home/jiseong/ros2project/install/robot_control_interfaces/local/lib/python3.10/dist-packages/robot_control_interfaces/action'...
[3.303s] Compiling '/home/jiseong/ros2project/install/robot_control_interfaces/local/lib/python3.10/dist-packages/robot_control_interfaces/action/__init__.py'...
[3.303s] Compiling '/home/jiseong/ros2project/install/robot_control_interfaces/local/lib/python3.10/dist-packages/robot_control_interfaces/action/_move.py'...
[3.303s] Listing '/home/jiseong/ros2project/install/robot_control_interfaces/local/lib/python3.10/dist-packages/robot_control_interfaces/srv'...
[3.303s] Compiling '/home/jiseong/ros2project/install/robot_control_interfaces/local/lib/python3.10/dist-packages/robot_control_interfaces/srv/__init__.py'...
[3.304s] Compiling '/home/jiseong/ros2project/install/robot_control_interfaces/local/lib/python3.10/dist-packages/robot_control_interfaces/srv/_llm_command.py'...
[3.307s] -- Installing: /home/jiseong/ros2project/install/robot_control_interfaces/lib/librobot_control_interfaces__rosidl_generator_py.so
[3.308s] -- Set runtime path of "/home/jiseong/ros2project/install/robot_control_interfaces/lib/librobot_control_interfaces__rosidl_generator_py.so" to ""
[3.308s] -- Up-to-date: /home/jiseong/ros2project/install/robot_control_interfaces/share/robot_control_interfaces/cmake/export_robot_control_interfaces__rosidl_generator_cExport.cmake
[3.308s] -- Up-to-date: /home/jiseong/ros2project/install/robot_control_interfaces/share/robot_control_interfaces/cmake/export_robot_control_interfaces__rosidl_generator_cExport-noconfig.cmake
[3.308s] -- Up-to-date: /home/jiseong/ros2project/install/robot_control_interfaces/share/robot_control_interfaces/cmake/export_robot_control_interfaces__rosidl_typesupport_fastrtps_cExport.cmake
[3.308s] -- Up-to-date: /home/jiseong/ros2project/install/robot_control_interfaces/share/robot_control_interfaces/cmake/export_robot_control_interfaces__rosidl_typesupport_fastrtps_cExport-noconfig.cmake
[3.308s] -- Up-to-date: /home/jiseong/ros2project/install/robot_control_interfaces/share/robot_control_interfaces/cmake/robot_control_interfaces__rosidl_typesupport_introspection_cExport.cmake
[3.309s] -- Up-to-date: /home/jiseong/ros2project/install/robot_control_interfaces/share/robot_control_interfaces/cmake/robot_control_interfaces__rosidl_typesupport_introspection_cExport-noconfig.cmake
[3.309s] -- Up-to-date: /home/jiseong/ros2project/install/robot_control_interfaces/share/robot_control_interfaces/cmake/robot_control_interfaces__rosidl_typesupport_cExport.cmake
[3.309s] -- Up-to-date: /home/jiseong/ros2project/install/robot_control_interfaces/share/robot_control_interfaces/cmake/robot_control_interfaces__rosidl_typesupport_cExport-noconfig.cmake
[3.309s] -- Up-to-date: /home/jiseong/ros2project/install/robot_control_interfaces/share/robot_control_interfaces/cmake/export_robot_control_interfaces__rosidl_generator_cppExport.cmake
[3.309s] -- Up-to-date: /home/jiseong/ros2project/install/robot_control_interfaces/share/robot_control_interfaces/cmake/export_robot_control_interfaces__rosidl_typesupport_fastrtps_cppExport.cmake
[3.309s] -- Up-to-date: /home/jiseong/ros2project/install/robot_control_interfaces/share/robot_control_interfaces/cmake/export_robot_control_interfaces__rosidl_typesupport_fastrtps_cppExport-noconfig.cmake
[3.309s] -- Up-to-date: /home/jiseong/ros2project/install/robot_control_interfaces/share/robot_control_interfaces/cmake/robot_control_interfaces__rosidl_typesupport_introspection_cppExport.cmake
[3.309s] -- Up-to-date: /home/jiseong/ros2project/install/robot_control_interfaces/share/robot_control_interfaces/cmake/robot_control_interfaces__rosidl_typesupport_introspection_cppExport-noconfig.cmake
[3.309s] -- Up-to-date: /home/jiseong/ros2project/install/robot_control_interfaces/share/robot_control_interfaces/cmake/robot_control_interfaces__rosidl_typesupport_cppExport.cmake
[3.309s] -- Up-to-date: /home/jiseong/ros2project/install/robot_control_interfaces/share/robot_control_interfaces/cmake/robot_control_interfaces__rosidl_typesupport_cppExport-noconfig.cmake
[3.309s] -- Up-to-date: /home/jiseong/ros2project/install/robot_control_interfaces/share/robot_control_interfaces/cmake/export_robot_control_interfaces__rosidl_generator_pyExport.cmake
[3.309s] -- Up-to-date: /home/jiseong/ros2project/install/robot_control_interfaces/share/robot_control_interfaces/cmake/export_robot_control_interfaces__rosidl_generator_pyExport-noconfig.cmake
[3.310s] Invoked command in '/home/jiseong/ros2project/build/robot_control_interfaces' returned '0': CMAKE_PREFIX_PATH=${CMAKE_PREFIX_PATH}:/opt/ros/humble:/home/jiseong/ros2project/install/robot_control_pkg /usr/bin/cmake --install /home/jiseong/ros2project/build/robot_control_interfaces
