running develop
running egg_info
creating robot_control_pkg.egg-info
writing robot_control_pkg.egg-info/PKG-INFO
writing dependency_links to robot_control_pkg.egg-info/dependency_links.txt
writing entry points to robot_control_pkg.egg-info/entry_points.txt
writing requirements to robot_control_pkg.egg-info/requires.txt
writing top-level names to robot_control_pkg.egg-info/top_level.txt
writing manifest file 'robot_control_pkg.egg-info/SOURCES.txt'
reading manifest file 'robot_control_pkg.egg-info/SOURCES.txt'
writing manifest file 'robot_control_pkg.egg-info/SOURCES.txt'
running build_ext
Creating /home/jiseong/ros2project/install/robot_control_pkg/lib/python3.10/site-packages/robot-control-pkg.egg-link (link to .)
Installing llm_service_node script to /home/jiseong/ros2project/install/robot_control_pkg/lib/robot_control_pkg
Installing movement_action_server script to /home/jiseong/ros2project/install/robot_control_pkg/lib/robot_control_pkg
Installing teleop_node script to /home/jiseong/ros2project/install/robot_control_pkg/lib/robot_control_pkg

Installed /home/jiseong/ros2project/build/robot_control_pkg
running symlink_data
creating /home/jiseong/ros2project/install/robot_control_pkg/share/ament_index
creating /home/jiseong/ros2project/install/robot_control_pkg/share/ament_index/resource_index
creating /home/jiseong/ros2project/install/robot_control_pkg/share/ament_index/resource_index/packages
symbolically linking /home/jiseong/ros2project/build/robot_control_pkg/resource/robot_control_pkg -> /home/jiseong/ros2project/install/robot_control_pkg/share/ament_index/resource_index/packages
symbolically linking /home/jiseong/ros2project/build/robot_control_pkg/package.xml -> /home/jiseong/ros2project/install/robot_control_pkg/share/robot_control_pkg
creating /home/jiseong/ros2project/install/robot_control_pkg/share/robot_control_pkg/launch
symbolically linking /home/jiseong/ros2project/build/robot_control_pkg/launch/robot_control.launch.py -> /home/jiseong/ros2project/install/robot_control_pkg/share/robot_control_pkg/launch
