[0.343s] Invoking command in '/home/jiseong/ros2project/build/robot_control_pkg': PYTHONPATH=/home/jiseong/ros2project/build/robot_control_pkg/prefix_override:/usr/lib/python3/dist-packages/colcon_core/task/python/colcon_distutils_commands:/home/jiseong/ros2project/install/robot_control_pkg/lib/python3.10/site-packages: /usr/bin/python3 -W ignore:setup.py install is deprecated -W ignore:easy_install command is deprecated setup.py develop --editable --build-directory /home/jiseong/ros2project/build/robot_control_pkg/build --no-deps symlink_data
[0.477s] running develop
[0.544s] running egg_info
[0.545s] creating robot_control_pkg.egg-info
[0.545s] writing robot_control_pkg.egg-info/PKG-INFO
[0.545s] writing dependency_links to robot_control_pkg.egg-info/dependency_links.txt
[0.545s] writing entry points to robot_control_pkg.egg-info/entry_points.txt
[0.545s] writing requirements to robot_control_pkg.egg-info/requires.txt
[0.545s] writing top-level names to robot_control_pkg.egg-info/top_level.txt
[0.545s] writing manifest file 'robot_control_pkg.egg-info/SOURCES.txt'
[0.546s] reading manifest file 'robot_control_pkg.egg-info/SOURCES.txt'
[0.547s] writing manifest file 'robot_control_pkg.egg-info/SOURCES.txt'
[0.547s] running build_ext
[0.547s] Creating /home/jiseong/ros2project/install/robot_control_pkg/lib/python3.10/site-packages/robot-control-pkg.egg-link (link to .)
[0.548s] Installing llm_service_node script to /home/jiseong/ros2project/install/robot_control_pkg/lib/robot_control_pkg
[0.548s] Installing movement_action_server script to /home/jiseong/ros2project/install/robot_control_pkg/lib/robot_control_pkg
[0.548s] Installing teleop_node script to /home/jiseong/ros2project/install/robot_control_pkg/lib/robot_control_pkg
[0.548s] 
[0.548s] Installed /home/jiseong/ros2project/build/robot_control_pkg
[0.548s] running symlink_data
[0.548s] creating /home/jiseong/ros2project/install/robot_control_pkg/share/ament_index
[0.549s] creating /home/jiseong/ros2project/install/robot_control_pkg/share/ament_index/resource_index
[0.549s] creating /home/jiseong/ros2project/install/robot_control_pkg/share/ament_index/resource_index/packages
[0.549s] symbolically linking /home/jiseong/ros2project/build/robot_control_pkg/resource/robot_control_pkg -> /home/jiseong/ros2project/install/robot_control_pkg/share/ament_index/resource_index/packages
[0.549s] symbolically linking /home/jiseong/ros2project/build/robot_control_pkg/package.xml -> /home/jiseong/ros2project/install/robot_control_pkg/share/robot_control_pkg
[0.549s] creating /home/jiseong/ros2project/install/robot_control_pkg/share/robot_control_pkg/launch
[0.549s] symbolically linking /home/jiseong/ros2project/build/robot_control_pkg/launch/robot_control.launch.py -> /home/jiseong/ros2project/install/robot_control_pkg/share/robot_control_pkg/launch
[0.565s] Invoked command in '/home/jiseong/ros2project/build/robot_control_pkg' returned '0': PYTHONPATH=/home/jiseong/ros2project/build/robot_control_pkg/prefix_override:/usr/lib/python3/dist-packages/colcon_core/task/python/colcon_distutils_commands:/home/jiseong/ros2project/install/robot_control_pkg/lib/python3.10/site-packages: /usr/bin/python3 -W ignore:setup.py install is deprecated -W ignore:easy_install command is deprecated setup.py develop --editable --build-directory /home/jiseong/ros2project/build/robot_control_pkg/build --no-deps symlink_data
