[0.014s] Invoking command in '/home/jiseong/ros2project/build/robot_control_interfaces': /usr/bin/cmake /home/jiseong/ros2project/src/robot_control_interfaces -DAMENT_CMAKE_SYMLINK_INSTALL=1 -DCMAKE_INSTALL_PREFIX=/home/jiseong/ros2project/install/robot_control_interfaces
[0.147s] -- The C compiler identification is GNU 11.4.0
[0.679s] -- The CXX compiler identification is GNU 11.4.0
[1.040s] -- Detecting C compiler ABI info
[1.157s] -- Detecting C compiler ABI info - done
[1.161s] -- Check for working C compiler: /usr/bin/cc - skipped
[1.161s] -- Detecting C compile features
[1.161s] -- Detecting C compile features - done
[1.163s] -- Detecting CXX compiler ABI info
[1.289s] -- Detecting CXX compiler ABI info - done
[1.293s] -- Check for working CXX compiler: /usr/bin/c++ - skipped
[1.293s] -- Detecting CXX compile features
[1.294s] -- Detecting CXX compile features - done
[2.462s] [31mCMake Error at CMakeLists.txt:9 (find_package):
[2.462s]   By not providing "Findament_cmake.cmake" in CMAKE_MODULE_PATH this project
[2.462s]   has asked CMake to find a package configuration file provided by
[2.462s]   "ament_cmake", but CMake did not find one.
[2.462s] 
[2.462s]   Could not find a package configuration file provided by "ament_cmake" with
[2.462s]   any of the following names:
[2.462s] 
[2.462s]     ament_cmakeConfig.cmake
[2.462s]     ament_cmake-config.cmake
[2.462s] 
[2.462s]   Add the installation prefix of "ament_cmake" to CMAKE_PREFIX_PATH or set
[2.462s]   "ament_cmake_DIR" to a directory containing one of the above files.  If
[2.462s]   "ament_cmake" provides a separate development package or SDK, be sure it
[2.462s]   has been installed.
[2.462s] 
[2.462s] [0m
[2.462s] -- Configuring incomplete, errors occurred!
[2.463s] See also "/home/jiseong/ros2project/build/robot_control_interfaces/CMakeFiles/CMakeOutput.log".
[2.464s] Invoked command in '/home/jiseong/ros2project/build/robot_control_interfaces' returned '1': /usr/bin/cmake /home/jiseong/ros2project/src/robot_control_interfaces -DAMENT_CMAKE_SYMLINK_INSTALL=1 -DCMAKE_INSTALL_PREFIX=/home/jiseong/ros2project/install/robot_control_interfaces
