-- Found ament_cmake: 1.3.12 (/opt/ros/humble/share/ament_cmake/cmake)
-- Override CMake install command with custom implementation using symlinks instead of copying resources
-- Found ament_lint_auto: 0.12.14 (/opt/ros/humble/share/ament_lint_auto/cmake)
-- Found rosidl_default_generators: 1.2.0 (/opt/ros/humble/share/rosidl_default_generators/cmake)
-- Using all available rosidl_typesupport_c: rosidl_typesupport_fastrtps_c;rosidl_typesupport_introspection_c
-- Found rosidl_adapter: 3.1.7 (/opt/ros/humble/share/rosidl_adapter/cmake)
-- Using all available rosidl_typesupport_cpp: rosidl_typesupport_fastrtps_cpp;rosidl_typesupport_introspection_cpp
-- Found ament_cmake_ros: 0.10.0 (/opt/ros/humble/share/ament_cmake_ros/cmake)
-- Using all available rosidl_typesupport_c: rosidl_typesupport_fastrtps_c;rosidl_typesupport_introspection_c
-- Using all available rosidl_typesupport_cpp: rosidl_typesupport_fastrtps_cpp;rosidl_typesupport_introspection_cpp
-- Found python_cmake_module: 0.10.0 (/opt/ros/humble/share/python_cmake_module/cmake)
-- Using PYTHON_EXECUTABLE: /usr/bin/python3
-- Using PYTHON_INCLUDE_DIRS: /usr/include/python3.10
-- Using PYTHON_LIBRARIES: /usr/lib/x86_64-linux-gnu/libpython3.10.so
-- Added test 'lint_cmake' to check CMake code style
-- Added test 'xmllint' to check XML markup files
-- Configuring done
-- Generating done
-- Build files have been written to: /home/jiseong/ros2project/build/robot_control_interfaces
[35m[1mConsolidate compiler generated dependencies of target robot_control_interfaces__rosidl_generator_c[0m
[  2%] Built target robot_control_interfaces__cpp
[ 12%] Built target robot_control_interfaces__rosidl_generator_c
[ 12%] Built target ament_cmake_python_symlink_robot_control_interfaces
[35m[1mConsolidate compiler generated dependencies of target robot_control_interfaces__rosidl_typesupport_fastrtps_cpp[0m
[35m[1mConsolidate compiler generated dependencies of target robot_control_interfaces__rosidl_typesupport_introspection_cpp[0m
[35m[1mConsolidate compiler generated dependencies of target robot_control_interfaces__rosidl_typesupport_cpp[0m
[35m[1mConsolidate compiler generated dependencies of target robot_control_interfaces__rosidl_typesupport_fastrtps_c[0m
[35m[1mConsolidate compiler generated dependencies of target robot_control_interfaces__rosidl_typesupport_c[0m
[35m[1mConsolidate compiler generated dependencies of target robot_control_interfaces__rosidl_typesupport_introspection_c[0m
[ 23%] Built target robot_control_interfaces__rosidl_typesupport_cpp
[ 33%] Built target robot_control_interfaces__rosidl_typesupport_fastrtps_cpp
[ 43%] Built target robot_control_interfaces__rosidl_typesupport_fastrtps_c
[ 53%] Built target robot_control_interfaces__rosidl_typesupport_c
[ 64%] Built target robot_control_interfaces__rosidl_typesupport_introspection_cpp
[ 74%] Built target robot_control_interfaces__rosidl_typesupport_introspection_c
[ 74%] Built target robot_control_interfaces
[ 76%] Built target robot_control_interfaces__py
[35m[1mConsolidate compiler generated dependencies of target robot_control_interfaces__rosidl_generator_py[0m
[ 84%] Built target robot_control_interfaces__rosidl_generator_py
[35m[1mConsolidate compiler generated dependencies of target robot_control_interfaces__rosidl_typesupport_c__pyext[0m
[35m[1mConsolidate compiler generated dependencies of target robot_control_interfaces__rosidl_typesupport_fastrtps_c__pyext[0m
[35m[1mConsolidate compiler generated dependencies of target robot_control_interfaces__rosidl_typesupport_introspection_c__pyext[0m
[ 89%] Built target robot_control_interfaces__rosidl_typesupport_fastrtps_c__pyext
[ 97%] Built target robot_control_interfaces__rosidl_typesupport_c__pyext
[100%] Built target robot_control_interfaces__rosidl_typesupport_introspection_c__pyext
running egg_info
writing robot_control_interfaces.egg-info/PKG-INFO
writing dependency_links to robot_control_interfaces.egg-info/dependency_links.txt
writing top-level names to robot_control_interfaces.egg-info/top_level.txt
reading manifest file 'robot_control_interfaces.egg-info/SOURCES.txt'
writing manifest file 'robot_control_interfaces.egg-info/SOURCES.txt'
[100%] Built target ament_cmake_python_build_robot_control_interfaces_egg
-- Install configuration: ""
-- Execute custom install script
-- Up-to-date symlink: /home/jiseong/ros2project/install/robot_control_interfaces/share/ament_index/resource_index/rosidl_interfaces/robot_control_interfaces
-- Up-to-date symlink: /home/jiseong/ros2project/install/robot_control_interfaces/include/robot_control_interfaces/robot_control_interfaces/action/detail/move__functions.h
-- Up-to-date symlink: /home/jiseong/ros2project/install/robot_control_interfaces/include/robot_control_interfaces/robot_control_interfaces/action/detail/move__struct.h
-- Up-to-date symlink: /home/jiseong/ros2project/install/robot_control_interfaces/include/robot_control_interfaces/robot_control_interfaces/action/detail/move__type_support.h
-- Up-to-date symlink: /home/jiseong/ros2project/install/robot_control_interfaces/include/robot_control_interfaces/robot_control_interfaces/action/move.h
-- Up-to-date symlink: /home/jiseong/ros2project/install/robot_control_interfaces/include/robot_control_interfaces/robot_control_interfaces/msg/rosidl_generator_c__visibility_control.h
-- Up-to-date symlink: /home/jiseong/ros2project/install/robot_control_interfaces/include/robot_control_interfaces/robot_control_interfaces/srv/detail/llm_command__functions.h
-- Up-to-date symlink: /home/jiseong/ros2project/install/robot_control_interfaces/include/robot_control_interfaces/robot_control_interfaces/srv/detail/llm_command__struct.h
-- Up-to-date symlink: /home/jiseong/ros2project/install/robot_control_interfaces/include/robot_control_interfaces/robot_control_interfaces/srv/detail/llm_command__type_support.h
-- Up-to-date symlink: /home/jiseong/ros2project/install/robot_control_interfaces/include/robot_control_interfaces/robot_control_interfaces/srv/llm_command.h
-- Up-to-date symlink: /home/jiseong/ros2project/install/robot_control_interfaces/share/robot_control_interfaces/environment/library_path.sh
-- Up-to-date symlink: /home/jiseong/ros2project/install/robot_control_interfaces/share/robot_control_interfaces/environment/library_path.dsv
-- Up-to-date symlink: /home/jiseong/ros2project/install/robot_control_interfaces/include/robot_control_interfaces/robot_control_interfaces/action/detail/move__rosidl_typesupport_fastrtps_c.h
-- Up-to-date symlink: /home/jiseong/ros2project/install/robot_control_interfaces/include/robot_control_interfaces/robot_control_interfaces/msg/rosidl_typesupport_fastrtps_c__visibility_control.h
-- Up-to-date symlink: /home/jiseong/ros2project/install/robot_control_interfaces/include/robot_control_interfaces/robot_control_interfaces/srv/detail/llm_command__rosidl_typesupport_fastrtps_c.h
-- Up-to-date symlink: /home/jiseong/ros2project/install/robot_control_interfaces/include/robot_control_interfaces/robot_control_interfaces/action/detail/move__rosidl_typesupport_introspection_c.h
-- Up-to-date symlink: /home/jiseong/ros2project/install/robot_control_interfaces/include/robot_control_interfaces/robot_control_interfaces/msg/rosidl_typesupport_introspection_c__visibility_control.h
-- Up-to-date symlink: /home/jiseong/ros2project/install/robot_control_interfaces/include/robot_control_interfaces/robot_control_interfaces/srv/detail/llm_command__rosidl_typesupport_introspection_c.h
-- Up-to-date symlink: /home/jiseong/ros2project/install/robot_control_interfaces/include/robot_control_interfaces/robot_control_interfaces/action/detail/move__builder.hpp
-- Up-to-date symlink: /home/jiseong/ros2project/install/robot_control_interfaces/include/robot_control_interfaces/robot_control_interfaces/action/detail/move__struct.hpp
-- Up-to-date symlink: /home/jiseong/ros2project/install/robot_control_interfaces/include/robot_control_interfaces/robot_control_interfaces/action/detail/move__traits.hpp
-- Up-to-date symlink: /home/jiseong/ros2project/install/robot_control_interfaces/include/robot_control_interfaces/robot_control_interfaces/action/detail/move__type_support.hpp
-- Up-to-date symlink: /home/jiseong/ros2project/install/robot_control_interfaces/include/robot_control_interfaces/robot_control_interfaces/action/move.hpp
-- Up-to-date symlink: /home/jiseong/ros2project/install/robot_control_interfaces/include/robot_control_interfaces/robot_control_interfaces/msg/rosidl_generator_cpp__visibility_control.hpp
-- Up-to-date symlink: /home/jiseong/ros2project/install/robot_control_interfaces/include/robot_control_interfaces/robot_control_interfaces/srv/detail/llm_command__builder.hpp
-- Up-to-date symlink: /home/jiseong/ros2project/install/robot_control_interfaces/include/robot_control_interfaces/robot_control_interfaces/srv/detail/llm_command__struct.hpp
-- Up-to-date symlink: /home/jiseong/ros2project/install/robot_control_interfaces/include/robot_control_interfaces/robot_control_interfaces/srv/detail/llm_command__traits.hpp
-- Up-to-date symlink: /home/jiseong/ros2project/install/robot_control_interfaces/include/robot_control_interfaces/robot_control_interfaces/srv/detail/llm_command__type_support.hpp
-- Up-to-date symlink: /home/jiseong/ros2project/install/robot_control_interfaces/include/robot_control_interfaces/robot_control_interfaces/srv/llm_command.hpp
-- Up-to-date symlink: /home/jiseong/ros2project/install/robot_control_interfaces/include/robot_control_interfaces/robot_control_interfaces/action/detail/move__rosidl_typesupport_fastrtps_cpp.hpp
-- Up-to-date symlink: /home/jiseong/ros2project/install/robot_control_interfaces/include/robot_control_interfaces/robot_control_interfaces/msg/rosidl_typesupport_fastrtps_cpp__visibility_control.h
-- Up-to-date symlink: /home/jiseong/ros2project/install/robot_control_interfaces/include/robot_control_interfaces/robot_control_interfaces/srv/detail/llm_command__rosidl_typesupport_fastrtps_cpp.hpp
-- Up-to-date symlink: /home/jiseong/ros2project/install/robot_control_interfaces/include/robot_control_interfaces/robot_control_interfaces/action/detail/move__rosidl_typesupport_introspection_cpp.hpp
-- Up-to-date symlink: /home/jiseong/ros2project/install/robot_control_interfaces/include/robot_control_interfaces/robot_control_interfaces/srv/detail/llm_command__rosidl_typesupport_introspection_cpp.hpp
-- Up-to-date symlink: /home/jiseong/ros2project/install/robot_control_interfaces/share/robot_control_interfaces/environment/pythonpath.sh
-- Up-to-date symlink: /home/jiseong/ros2project/install/robot_control_interfaces/share/robot_control_interfaces/environment/pythonpath.dsv
-- Up-to-date symlink: /home/jiseong/ros2project/install/robot_control_interfaces/local/lib/python3.10/dist-packages/robot_control_interfaces-0.0.0-py3.10.egg-info/PKG-INFO
-- Up-to-date symlink: /home/jiseong/ros2project/install/robot_control_interfaces/local/lib/python3.10/dist-packages/robot_control_interfaces-0.0.0-py3.10.egg-info/SOURCES.txt
-- Up-to-date symlink: /home/jiseong/ros2project/install/robot_control_interfaces/local/lib/python3.10/dist-packages/robot_control_interfaces-0.0.0-py3.10.egg-info/dependency_links.txt
-- Up-to-date symlink: /home/jiseong/ros2project/install/robot_control_interfaces/local/lib/python3.10/dist-packages/robot_control_interfaces-0.0.0-py3.10.egg-info/top_level.txt
-- Up-to-date symlink: /home/jiseong/ros2project/install/robot_control_interfaces/local/lib/python3.10/dist-packages/robot_control_interfaces/__init__.py
-- Up-to-date symlink: /home/jiseong/ros2project/install/robot_control_interfaces/local/lib/python3.10/dist-packages/robot_control_interfaces/_robot_control_interfaces_s.ep.rosidl_typesupport_c.c
-- Up-to-date symlink: /home/jiseong/ros2project/install/robot_control_interfaces/local/lib/python3.10/dist-packages/robot_control_interfaces/_robot_control_interfaces_s.ep.rosidl_typesupport_fastrtps_c.c
-- Up-to-date symlink: /home/jiseong/ros2project/install/robot_control_interfaces/local/lib/python3.10/dist-packages/robot_control_interfaces/_robot_control_interfaces_s.ep.rosidl_typesupport_introspection_c.c
-- Up-to-date symlink: /home/jiseong/ros2project/install/robot_control_interfaces/local/lib/python3.10/dist-packages/robot_control_interfaces/action/__init__.py
-- Up-to-date symlink: /home/jiseong/ros2project/install/robot_control_interfaces/local/lib/python3.10/dist-packages/robot_control_interfaces/action/_move.py
-- Up-to-date symlink: /home/jiseong/ros2project/install/robot_control_interfaces/local/lib/python3.10/dist-packages/robot_control_interfaces/action/_move_s.c
-- Up-to-date symlink: /home/jiseong/ros2project/install/robot_control_interfaces/local/lib/python3.10/dist-packages/robot_control_interfaces/librobot_control_interfaces__rosidl_generator_py.so
-- Up-to-date symlink: /home/jiseong/ros2project/install/robot_control_interfaces/local/lib/python3.10/dist-packages/robot_control_interfaces/robot_control_interfaces_s__rosidl_typesupport_c.cpython-310-x86_64-linux-gnu.so
-- Up-to-date symlink: /home/jiseong/ros2project/install/robot_control_interfaces/local/lib/python3.10/dist-packages/robot_control_interfaces/robot_control_interfaces_s__rosidl_typesupport_fastrtps_c.cpython-310-x86_64-linux-gnu.so
-- Up-to-date symlink: /home/jiseong/ros2project/install/robot_control_interfaces/local/lib/python3.10/dist-packages/robot_control_interfaces/robot_control_interfaces_s__rosidl_typesupport_introspection_c.cpython-310-x86_64-linux-gnu.so
-- Up-to-date symlink: /home/jiseong/ros2project/install/robot_control_interfaces/local/lib/python3.10/dist-packages/robot_control_interfaces/srv/__init__.py
-- Up-to-date symlink: /home/jiseong/ros2project/install/robot_control_interfaces/local/lib/python3.10/dist-packages/robot_control_interfaces/srv/_llm_command.py
-- Up-to-date symlink: /home/jiseong/ros2project/install/robot_control_interfaces/local/lib/python3.10/dist-packages/robot_control_interfaces/srv/_llm_command_s.c
-- Up-to-date symlink: /home/jiseong/ros2project/install/robot_control_interfaces/local/lib/python3.10/dist-packages/robot_control_interfaces/robot_control_interfaces_s__rosidl_typesupport_fastrtps_c.cpython-310-x86_64-linux-gnu.so
-- Up-to-date symlink: /home/jiseong/ros2project/install/robot_control_interfaces/local/lib/python3.10/dist-packages/robot_control_interfaces/robot_control_interfaces_s__rosidl_typesupport_introspection_c.cpython-310-x86_64-linux-gnu.so
-- Up-to-date symlink: /home/jiseong/ros2project/install/robot_control_interfaces/local/lib/python3.10/dist-packages/robot_control_interfaces/robot_control_interfaces_s__rosidl_typesupport_c.cpython-310-x86_64-linux-gnu.so
-- Up-to-date symlink: /home/jiseong/ros2project/install/robot_control_interfaces/share/robot_control_interfaces/srv/LLMCommand.idl
-- Up-to-date symlink: /home/jiseong/ros2project/install/robot_control_interfaces/share/robot_control_interfaces/action/Move.idl
-- Up-to-date symlink: /home/jiseong/ros2project/install/robot_control_interfaces/share/robot_control_interfaces/srv/LLMCommand.srv
-- Up-to-date symlink: /home/jiseong/ros2project/install/robot_control_interfaces/share/robot_control_interfaces/srv/LLMCommand_Request.msg
-- Up-to-date symlink: /home/jiseong/ros2project/install/robot_control_interfaces/share/robot_control_interfaces/srv/LLMCommand_Response.msg
-- Up-to-date symlink: /home/jiseong/ros2project/install/robot_control_interfaces/share/robot_control_interfaces/action/Move.action
-- Up-to-date symlink: /home/jiseong/ros2project/install/robot_control_interfaces/share/ament_index/resource_index/package_run_dependencies/robot_control_interfaces
-- Up-to-date symlink: /home/jiseong/ros2project/install/robot_control_interfaces/share/ament_index/resource_index/parent_prefix_path/robot_control_interfaces
-- Up-to-date symlink: /home/jiseong/ros2project/install/robot_control_interfaces/share/robot_control_interfaces/environment/ament_prefix_path.sh
-- Up-to-date symlink: /home/jiseong/ros2project/install/robot_control_interfaces/share/robot_control_interfaces/environment/ament_prefix_path.dsv
-- Up-to-date symlink: /home/jiseong/ros2project/install/robot_control_interfaces/share/robot_control_interfaces/environment/path.sh
-- Up-to-date symlink: /home/jiseong/ros2project/install/robot_control_interfaces/share/robot_control_interfaces/environment/path.dsv
-- Up-to-date symlink: /home/jiseong/ros2project/install/robot_control_interfaces/share/robot_control_interfaces/local_setup.bash
-- Up-to-date symlink: /home/jiseong/ros2project/install/robot_control_interfaces/share/robot_control_interfaces/local_setup.sh
-- Up-to-date symlink: /home/jiseong/ros2project/install/robot_control_interfaces/share/robot_control_interfaces/local_setup.zsh
-- Up-to-date symlink: /home/jiseong/ros2project/install/robot_control_interfaces/share/robot_control_interfaces/local_setup.dsv
-- Symlinking: /home/jiseong/ros2project/install/robot_control_interfaces/share/robot_control_interfaces/package.dsv
-- Up-to-date symlink: /home/jiseong/ros2project/install/robot_control_interfaces/share/ament_index/resource_index/packages/robot_control_interfaces
-- Up-to-date symlink: /home/jiseong/ros2project/install/robot_control_interfaces/share/robot_control_interfaces/cmake/rosidl_cmake-extras.cmake
-- Up-to-date symlink: /home/jiseong/ros2project/install/robot_control_interfaces/share/robot_control_interfaces/cmake/ament_cmake_export_dependencies-extras.cmake
-- Up-to-date symlink: /home/jiseong/ros2project/install/robot_control_interfaces/share/robot_control_interfaces/cmake/ament_cmake_export_include_directories-extras.cmake
-- Up-to-date symlink: /home/jiseong/ros2project/install/robot_control_interfaces/share/robot_control_interfaces/cmake/ament_cmake_export_libraries-extras.cmake
-- Up-to-date symlink: /home/jiseong/ros2project/install/robot_control_interfaces/share/robot_control_interfaces/cmake/ament_cmake_export_targets-extras.cmake
-- Up-to-date symlink: /home/jiseong/ros2project/install/robot_control_interfaces/share/robot_control_interfaces/cmake/rosidl_cmake_export_typesupport_targets-extras.cmake
-- Up-to-date symlink: /home/jiseong/ros2project/install/robot_control_interfaces/share/robot_control_interfaces/cmake/rosidl_cmake_export_typesupport_libraries-extras.cmake
-- Up-to-date symlink: /home/jiseong/ros2project/install/robot_control_interfaces/share/robot_control_interfaces/cmake/robot_control_interfacesConfig.cmake
-- Up-to-date symlink: /home/jiseong/ros2project/install/robot_control_interfaces/share/robot_control_interfaces/cmake/robot_control_interfacesConfig-version.cmake
-- Up-to-date symlink: /home/jiseong/ros2project/install/robot_control_interfaces/share/robot_control_interfaces/package.xml
-- Up-to-date: /home/jiseong/ros2project/install/robot_control_interfaces/lib/librobot_control_interfaces__rosidl_generator_c.so
-- Up-to-date: /home/jiseong/ros2project/install/robot_control_interfaces/lib/librobot_control_interfaces__rosidl_typesupport_fastrtps_c.so
-- Up-to-date: /home/jiseong/ros2project/install/robot_control_interfaces/lib/librobot_control_interfaces__rosidl_typesupport_introspection_c.so
-- Up-to-date: /home/jiseong/ros2project/install/robot_control_interfaces/lib/librobot_control_interfaces__rosidl_typesupport_c.so
-- Up-to-date: /home/jiseong/ros2project/install/robot_control_interfaces/lib/librobot_control_interfaces__rosidl_typesupport_fastrtps_cpp.so
-- Up-to-date: /home/jiseong/ros2project/install/robot_control_interfaces/lib/librobot_control_interfaces__rosidl_typesupport_introspection_cpp.so
-- Up-to-date: /home/jiseong/ros2project/install/robot_control_interfaces/lib/librobot_control_interfaces__rosidl_typesupport_cpp.so
Listing '/home/jiseong/ros2project/install/robot_control_interfaces/local/lib/python3.10/dist-packages/robot_control_interfaces'...
Compiling '/home/jiseong/ros2project/install/robot_control_interfaces/local/lib/python3.10/dist-packages/robot_control_interfaces/__init__.py'...
Listing '/home/jiseong/ros2project/install/robot_control_interfaces/local/lib/python3.10/dist-packages/robot_control_interfaces/action'...
Listing '/home/jiseong/ros2project/install/robot_control_interfaces/local/lib/python3.10/dist-packages/robot_control_interfaces/srv'...
-- Up-to-date: /home/jiseong/ros2project/install/robot_control_interfaces/lib/librobot_control_interfaces__rosidl_generator_py.so
-- Up-to-date: /home/jiseong/ros2project/install/robot_control_interfaces/share/robot_control_interfaces/cmake/export_robot_control_interfaces__rosidl_generator_cExport.cmake
-- Up-to-date: /home/jiseong/ros2project/install/robot_control_interfaces/share/robot_control_interfaces/cmake/export_robot_control_interfaces__rosidl_generator_cExport-noconfig.cmake
-- Up-to-date: /home/jiseong/ros2project/install/robot_control_interfaces/share/robot_control_interfaces/cmake/export_robot_control_interfaces__rosidl_typesupport_fastrtps_cExport.cmake
-- Up-to-date: /home/jiseong/ros2project/install/robot_control_interfaces/share/robot_control_interfaces/cmake/export_robot_control_interfaces__rosidl_typesupport_fastrtps_cExport-noconfig.cmake
-- Up-to-date: /home/jiseong/ros2project/install/robot_control_interfaces/share/robot_control_interfaces/cmake/robot_control_interfaces__rosidl_typesupport_introspection_cExport.cmake
-- Up-to-date: /home/jiseong/ros2project/install/robot_control_interfaces/share/robot_control_interfaces/cmake/robot_control_interfaces__rosidl_typesupport_introspection_cExport-noconfig.cmake
-- Up-to-date: /home/jiseong/ros2project/install/robot_control_interfaces/share/robot_control_interfaces/cmake/robot_control_interfaces__rosidl_typesupport_cExport.cmake
-- Up-to-date: /home/jiseong/ros2project/install/robot_control_interfaces/share/robot_control_interfaces/cmake/robot_control_interfaces__rosidl_typesupport_cExport-noconfig.cmake
-- Up-to-date: /home/jiseong/ros2project/install/robot_control_interfaces/share/robot_control_interfaces/cmake/export_robot_control_interfaces__rosidl_generator_cppExport.cmake
-- Up-to-date: /home/jiseong/ros2project/install/robot_control_interfaces/share/robot_control_interfaces/cmake/export_robot_control_interfaces__rosidl_typesupport_fastrtps_cppExport.cmake
-- Up-to-date: /home/jiseong/ros2project/install/robot_control_interfaces/share/robot_control_interfaces/cmake/export_robot_control_interfaces__rosidl_typesupport_fastrtps_cppExport-noconfig.cmake
-- Up-to-date: /home/jiseong/ros2project/install/robot_control_interfaces/share/robot_control_interfaces/cmake/robot_control_interfaces__rosidl_typesupport_introspection_cppExport.cmake
-- Up-to-date: /home/jiseong/ros2project/install/robot_control_interfaces/share/robot_control_interfaces/cmake/robot_control_interfaces__rosidl_typesupport_introspection_cppExport-noconfig.cmake
-- Up-to-date: /home/jiseong/ros2project/install/robot_control_interfaces/share/robot_control_interfaces/cmake/robot_control_interfaces__rosidl_typesupport_cppExport.cmake
-- Up-to-date: /home/jiseong/ros2project/install/robot_control_interfaces/share/robot_control_interfaces/cmake/robot_control_interfaces__rosidl_typesupport_cppExport-noconfig.cmake
-- Up-to-date: /home/jiseong/ros2project/install/robot_control_interfaces/share/robot_control_interfaces/cmake/export_robot_control_interfaces__rosidl_generator_pyExport.cmake
-- Up-to-date: /home/jiseong/ros2project/install/robot_control_interfaces/share/robot_control_interfaces/cmake/export_robot_control_interfaces__rosidl_generator_pyExport-noconfig.cmake
