[0.011s] Invoking command in '/home/jiseong/ros2project/build/robot_control_interfaces': CMAKE_PREFIX_PATH=${CMAKE_PREFIX_PATH}:/opt/ros/humble:/home/jiseong/ros2project/install/robot_control_pkg /usr/bin/cmake /home/jiseong/ros2project/src/robot_control_interfaces -DAMENT_CMAKE_SYMLINK_INSTALL=1 -DCMAKE_INSTALL_PREFIX=/home/jiseong/ros2project/install/robot_control_interfaces
[0.018s] -- Found ament_cmake: 1.3.12 (/opt/ros/humble/share/ament_cmake/cmake)
[0.097s] -- Override CMake install command with custom implementation using symlinks instead of copying resources
[0.101s] -- Found ament_lint_auto: 0.12.14 (/opt/ros/humble/share/ament_lint_auto/cmake)
[0.146s] -- Found rosidl_default_generators: 1.2.0 (/opt/ros/humble/share/rosidl_default_generators/cmake)
[0.147s] -- Using all available rosidl_typesupport_c: rosidl_typesupport_fastrtps_c;rosidl_typesupport_introspection_c
[0.148s] -- Found rosidl_adapter: 3.1.7 (/opt/ros/humble/share/rosidl_adapter/cmake)
[0.293s] -- Using all available rosidl_typesupport_cpp: rosidl_typesupport_fastrtps_cpp;rosidl_typesupport_introspection_cpp
[0.460s] -- Found ament_cmake_ros: 0.10.0 (/opt/ros/humble/share/ament_cmake_ros/cmake)
[0.585s] -- Using all available rosidl_typesupport_c: rosidl_typesupport_fastrtps_c;rosidl_typesupport_introspection_c
[0.752s] -- Using all available rosidl_typesupport_cpp: rosidl_typesupport_fastrtps_cpp;rosidl_typesupport_introspection_cpp
[0.767s] -- Found python_cmake_module: 0.10.0 (/opt/ros/humble/share/python_cmake_module/cmake)
[0.783s] -- Using PYTHON_EXECUTABLE: /usr/bin/python3
[0.783s] -- Using PYTHON_INCLUDE_DIRS: /usr/include/python3.10
[0.783s] -- Using PYTHON_LIBRARIES: /usr/lib/x86_64-linux-gnu/libpython3.10.so
[0.799s] -- Added test 'lint_cmake' to check CMake code style
[0.799s] -- Added test 'xmllint' to check XML markup files
[0.802s] -- Configuring done
[0.829s] -- Generating done
[0.839s] -- Build files have been written to: /home/jiseong/ros2project/build/robot_control_interfaces
[0.846s] Invoked command in '/home/jiseong/ros2project/build/robot_control_interfaces' returned '0': CMAKE_PREFIX_PATH=${CMAKE_PREFIX_PATH}:/opt/ros/humble:/home/jiseong/ros2project/install/robot_control_pkg /usr/bin/cmake /home/jiseong/ros2project/src/robot_control_interfaces -DAMENT_CMAKE_SYMLINK_INSTALL=1 -DCMAKE_INSTALL_PREFIX=/home/jiseong/ros2project/install/robot_control_interfaces
[0.847s] Invoking command in '/home/jiseong/ros2project/build/robot_control_interfaces': CMAKE_PREFIX_PATH=${CMAKE_PREFIX_PATH}:/opt/ros/humble:/home/jiseong/ros2project/install/robot_control_pkg /usr/bin/cmake --build /home/jiseong/ros2project/build/robot_control_interfaces -- -j20 -l20
[0.873s] [35m[1mConsolidate compiler generated dependencies of target robot_control_interfaces__rosidl_generator_c[0m
[0.880s] [  2%] Built target robot_control_interfaces__cpp
[0.881s] [ 12%] Built target robot_control_interfaces__rosidl_generator_c
[0.885s] [ 12%] Built target ament_cmake_python_symlink_robot_control_interfaces
[0.887s] [35m[1mConsolidate compiler generated dependencies of target robot_control_interfaces__rosidl_typesupport_fastrtps_cpp[0m
[0.887s] [35m[1mConsolidate compiler generated dependencies of target robot_control_interfaces__rosidl_typesupport_introspection_cpp[0m
[0.888s] [35m[1mConsolidate compiler generated dependencies of target robot_control_interfaces__rosidl_typesupport_cpp[0m
[0.888s] [35m[1mConsolidate compiler generated dependencies of target robot_control_interfaces__rosidl_typesupport_fastrtps_c[0m
[0.891s] [35m[1mConsolidate compiler generated dependencies of target robot_control_interfaces__rosidl_typesupport_c[0m
[0.892s] [35m[1mConsolidate compiler generated dependencies of target robot_control_interfaces__rosidl_typesupport_introspection_c[0m
[0.896s] [ 23%] Built target robot_control_interfaces__rosidl_typesupport_cpp
[0.897s] [ 33%] Built target robot_control_interfaces__rosidl_typesupport_fastrtps_cpp
[0.901s] [ 43%] Built target robot_control_interfaces__rosidl_typesupport_fastrtps_c
[0.901s] [ 53%] Built target robot_control_interfaces__rosidl_typesupport_c
[0.901s] [ 64%] Built target robot_control_interfaces__rosidl_typesupport_introspection_cpp
[0.901s] [ 74%] Built target robot_control_interfaces__rosidl_typesupport_introspection_c
[0.914s] [ 74%] Built target robot_control_interfaces
[0.928s] [ 76%] Built target robot_control_interfaces__py
[0.935s] [35m[1mConsolidate compiler generated dependencies of target robot_control_interfaces__rosidl_generator_py[0m
[0.948s] [ 84%] Built target robot_control_interfaces__rosidl_generator_py
[0.956s] [35m[1mConsolidate compiler generated dependencies of target robot_control_interfaces__rosidl_typesupport_c__pyext[0m
[0.958s] [35m[1mConsolidate compiler generated dependencies of target robot_control_interfaces__rosidl_typesupport_fastrtps_c__pyext[0m
[0.960s] [35m[1mConsolidate compiler generated dependencies of target robot_control_interfaces__rosidl_typesupport_introspection_c__pyext[0m
[0.971s] [ 89%] Built target robot_control_interfaces__rosidl_typesupport_fastrtps_c__pyext
[0.971s] [ 97%] Built target robot_control_interfaces__rosidl_typesupport_c__pyext
[0.971s] [100%] Built target robot_control_interfaces__rosidl_typesupport_introspection_c__pyext
[1.104s] running egg_info
[1.104s] writing robot_control_interfaces.egg-info/PKG-INFO
[1.104s] writing dependency_links to robot_control_interfaces.egg-info/dependency_links.txt
[1.105s] writing top-level names to robot_control_interfaces.egg-info/top_level.txt
[1.106s] reading manifest file 'robot_control_interfaces.egg-info/SOURCES.txt'
[1.106s] writing manifest file 'robot_control_interfaces.egg-info/SOURCES.txt'
[1.124s] [100%] Built target ament_cmake_python_build_robot_control_interfaces_egg
[1.132s] Invoked command in '/home/jiseong/ros2project/build/robot_control_interfaces' returned '0': CMAKE_PREFIX_PATH=${CMAKE_PREFIX_PATH}:/opt/ros/humble:/home/jiseong/ros2project/install/robot_control_pkg /usr/bin/cmake --build /home/jiseong/ros2project/build/robot_control_interfaces -- -j20 -l20
[1.139s] Invoking command in '/home/jiseong/ros2project/build/robot_control_interfaces': CMAKE_PREFIX_PATH=${CMAKE_PREFIX_PATH}:/opt/ros/humble:/home/jiseong/ros2project/install/robot_control_pkg /usr/bin/cmake --install /home/jiseong/ros2project/build/robot_control_interfaces
[1.144s] -- Install configuration: ""
[1.144s] -- Execute custom install script
[1.144s] -- Up-to-date symlink: /home/jiseong/ros2project/install/robot_control_interfaces/share/ament_index/resource_index/rosidl_interfaces/robot_control_interfaces
[1.145s] -- Up-to-date symlink: /home/jiseong/ros2project/install/robot_control_interfaces/include/robot_control_interfaces/robot_control_interfaces/action/detail/move__functions.h
[1.145s] -- Up-to-date symlink: /home/jiseong/ros2project/install/robot_control_interfaces/include/robot_control_interfaces/robot_control_interfaces/action/detail/move__struct.h
[1.145s] -- Up-to-date symlink: /home/jiseong/ros2project/install/robot_control_interfaces/include/robot_control_interfaces/robot_control_interfaces/action/detail/move__type_support.h
[1.145s] -- Up-to-date symlink: /home/jiseong/ros2project/install/robot_control_interfaces/include/robot_control_interfaces/robot_control_interfaces/action/move.h
[1.145s] -- Up-to-date symlink: /home/jiseong/ros2project/install/robot_control_interfaces/include/robot_control_interfaces/robot_control_interfaces/msg/rosidl_generator_c__visibility_control.h
[1.145s] -- Up-to-date symlink: /home/jiseong/ros2project/install/robot_control_interfaces/include/robot_control_interfaces/robot_control_interfaces/srv/detail/llm_command__functions.h
[1.145s] -- Up-to-date symlink: /home/jiseong/ros2project/install/robot_control_interfaces/include/robot_control_interfaces/robot_control_interfaces/srv/detail/llm_command__struct.h
[1.146s] -- Up-to-date symlink: /home/jiseong/ros2project/install/robot_control_interfaces/include/robot_control_interfaces/robot_control_interfaces/srv/detail/llm_command__type_support.h
[1.146s] -- Up-to-date symlink: /home/jiseong/ros2project/install/robot_control_interfaces/include/robot_control_interfaces/robot_control_interfaces/srv/llm_command.h
[1.146s] -- Up-to-date symlink: /home/jiseong/ros2project/install/robot_control_interfaces/share/robot_control_interfaces/environment/library_path.sh
[1.146s] -- Up-to-date symlink: /home/jiseong/ros2project/install/robot_control_interfaces/share/robot_control_interfaces/environment/library_path.dsv
[1.146s] -- Up-to-date symlink: /home/jiseong/ros2project/install/robot_control_interfaces/include/robot_control_interfaces/robot_control_interfaces/action/detail/move__rosidl_typesupport_fastrtps_c.h
[1.146s] -- Up-to-date symlink: /home/jiseong/ros2project/install/robot_control_interfaces/include/robot_control_interfaces/robot_control_interfaces/msg/rosidl_typesupport_fastrtps_c__visibility_control.h
[1.146s] -- Up-to-date symlink: /home/jiseong/ros2project/install/robot_control_interfaces/include/robot_control_interfaces/robot_control_interfaces/srv/detail/llm_command__rosidl_typesupport_fastrtps_c.h
[1.146s] -- Up-to-date symlink: /home/jiseong/ros2project/install/robot_control_interfaces/include/robot_control_interfaces/robot_control_interfaces/action/detail/move__rosidl_typesupport_introspection_c.h
[1.146s] -- Up-to-date symlink: /home/jiseong/ros2project/install/robot_control_interfaces/include/robot_control_interfaces/robot_control_interfaces/msg/rosidl_typesupport_introspection_c__visibility_control.h
[1.146s] -- Up-to-date symlink: /home/jiseong/ros2project/install/robot_control_interfaces/include/robot_control_interfaces/robot_control_interfaces/srv/detail/llm_command__rosidl_typesupport_introspection_c.h
[1.147s] -- Up-to-date symlink: /home/jiseong/ros2project/install/robot_control_interfaces/include/robot_control_interfaces/robot_control_interfaces/action/detail/move__builder.hpp
[1.147s] -- Up-to-date symlink: /home/jiseong/ros2project/install/robot_control_interfaces/include/robot_control_interfaces/robot_control_interfaces/action/detail/move__struct.hpp
[1.147s] -- Up-to-date symlink: /home/jiseong/ros2project/install/robot_control_interfaces/include/robot_control_interfaces/robot_control_interfaces/action/detail/move__traits.hpp
[1.147s] -- Up-to-date symlink: /home/jiseong/ros2project/install/robot_control_interfaces/include/robot_control_interfaces/robot_control_interfaces/action/detail/move__type_support.hpp
[1.147s] -- Up-to-date symlink: /home/jiseong/ros2project/install/robot_control_interfaces/include/robot_control_interfaces/robot_control_interfaces/action/move.hpp
[1.147s] -- Up-to-date symlink: /home/jiseong/ros2project/install/robot_control_interfaces/include/robot_control_interfaces/robot_control_interfaces/msg/rosidl_generator_cpp__visibility_control.hpp
[1.147s] -- Up-to-date symlink: /home/jiseong/ros2project/install/robot_control_interfaces/include/robot_control_interfaces/robot_control_interfaces/srv/detail/llm_command__builder.hpp
[1.147s] -- Up-to-date symlink: /home/jiseong/ros2project/install/robot_control_interfaces/include/robot_control_interfaces/robot_control_interfaces/srv/detail/llm_command__struct.hpp
[1.148s] -- Up-to-date symlink: /home/jiseong/ros2project/install/robot_control_interfaces/include/robot_control_interfaces/robot_control_interfaces/srv/detail/llm_command__traits.hpp
[1.148s] -- Up-to-date symlink: /home/jiseong/ros2project/install/robot_control_interfaces/include/robot_control_interfaces/robot_control_interfaces/srv/detail/llm_command__type_support.hpp
[1.148s] -- Up-to-date symlink: /home/jiseong/ros2project/install/robot_control_interfaces/include/robot_control_interfaces/robot_control_interfaces/srv/llm_command.hpp
[1.148s] -- Up-to-date symlink: /home/jiseong/ros2project/install/robot_control_interfaces/include/robot_control_interfaces/robot_control_interfaces/action/detail/move__rosidl_typesupport_fastrtps_cpp.hpp
[1.148s] -- Up-to-date symlink: /home/jiseong/ros2project/install/robot_control_interfaces/include/robot_control_interfaces/robot_control_interfaces/msg/rosidl_typesupport_fastrtps_cpp__visibility_control.h
[1.148s] -- Up-to-date symlink: /home/jiseong/ros2project/install/robot_control_interfaces/include/robot_control_interfaces/robot_control_interfaces/srv/detail/llm_command__rosidl_typesupport_fastrtps_cpp.hpp
[1.148s] -- Up-to-date symlink: /home/jiseong/ros2project/install/robot_control_interfaces/include/robot_control_interfaces/robot_control_interfaces/action/detail/move__rosidl_typesupport_introspection_cpp.hpp
[1.148s] -- Up-to-date symlink: /home/jiseong/ros2project/install/robot_control_interfaces/include/robot_control_interfaces/robot_control_interfaces/srv/detail/llm_command__rosidl_typesupport_introspection_cpp.hpp
[1.148s] -- Up-to-date symlink: /home/jiseong/ros2project/install/robot_control_interfaces/share/robot_control_interfaces/environment/pythonpath.sh
[1.148s] -- Up-to-date symlink: /home/jiseong/ros2project/install/robot_control_interfaces/share/robot_control_interfaces/environment/pythonpath.dsv
[1.149s] -- Up-to-date symlink: /home/jiseong/ros2project/install/robot_control_interfaces/local/lib/python3.10/dist-packages/robot_control_interfaces-0.0.0-py3.10.egg-info/PKG-INFO
[1.149s] -- Up-to-date symlink: /home/jiseong/ros2project/install/robot_control_interfaces/local/lib/python3.10/dist-packages/robot_control_interfaces-0.0.0-py3.10.egg-info/SOURCES.txt
[1.149s] -- Up-to-date symlink: /home/jiseong/ros2project/install/robot_control_interfaces/local/lib/python3.10/dist-packages/robot_control_interfaces-0.0.0-py3.10.egg-info/dependency_links.txt
[1.149s] -- Up-to-date symlink: /home/jiseong/ros2project/install/robot_control_interfaces/local/lib/python3.10/dist-packages/robot_control_interfaces-0.0.0-py3.10.egg-info/top_level.txt
[1.149s] -- Up-to-date symlink: /home/jiseong/ros2project/install/robot_control_interfaces/local/lib/python3.10/dist-packages/robot_control_interfaces/__init__.py
[1.149s] -- Up-to-date symlink: /home/jiseong/ros2project/install/robot_control_interfaces/local/lib/python3.10/dist-packages/robot_control_interfaces/_robot_control_interfaces_s.ep.rosidl_typesupport_c.c
[1.149s] -- Up-to-date symlink: /home/jiseong/ros2project/install/robot_control_interfaces/local/lib/python3.10/dist-packages/robot_control_interfaces/_robot_control_interfaces_s.ep.rosidl_typesupport_fastrtps_c.c
[1.149s] -- Up-to-date symlink: /home/jiseong/ros2project/install/robot_control_interfaces/local/lib/python3.10/dist-packages/robot_control_interfaces/_robot_control_interfaces_s.ep.rosidl_typesupport_introspection_c.c
[1.149s] -- Up-to-date symlink: /home/jiseong/ros2project/install/robot_control_interfaces/local/lib/python3.10/dist-packages/robot_control_interfaces/action/__init__.py
[1.150s] -- Up-to-date symlink: /home/jiseong/ros2project/install/robot_control_interfaces/local/lib/python3.10/dist-packages/robot_control_interfaces/action/_move.py
[1.150s] -- Up-to-date symlink: /home/jiseong/ros2project/install/robot_control_interfaces/local/lib/python3.10/dist-packages/robot_control_interfaces/action/_move_s.c
[1.150s] -- Up-to-date symlink: /home/jiseong/ros2project/install/robot_control_interfaces/local/lib/python3.10/dist-packages/robot_control_interfaces/librobot_control_interfaces__rosidl_generator_py.so
[1.150s] -- Up-to-date symlink: /home/jiseong/ros2project/install/robot_control_interfaces/local/lib/python3.10/dist-packages/robot_control_interfaces/robot_control_interfaces_s__rosidl_typesupport_c.cpython-310-x86_64-linux-gnu.so
[1.150s] -- Up-to-date symlink: /home/jiseong/ros2project/install/robot_control_interfaces/local/lib/python3.10/dist-packages/robot_control_interfaces/robot_control_interfaces_s__rosidl_typesupport_fastrtps_c.cpython-310-x86_64-linux-gnu.so
[1.150s] -- Up-to-date symlink: /home/jiseong/ros2project/install/robot_control_interfaces/local/lib/python3.10/dist-packages/robot_control_interfaces/robot_control_interfaces_s__rosidl_typesupport_introspection_c.cpython-310-x86_64-linux-gnu.so
[1.150s] -- Up-to-date symlink: /home/jiseong/ros2project/install/robot_control_interfaces/local/lib/python3.10/dist-packages/robot_control_interfaces/srv/__init__.py
[1.150s] -- Up-to-date symlink: /home/jiseong/ros2project/install/robot_control_interfaces/local/lib/python3.10/dist-packages/robot_control_interfaces/srv/_llm_command.py
[1.150s] -- Up-to-date symlink: /home/jiseong/ros2project/install/robot_control_interfaces/local/lib/python3.10/dist-packages/robot_control_interfaces/srv/_llm_command_s.c
[1.151s] -- Up-to-date symlink: /home/jiseong/ros2project/install/robot_control_interfaces/local/lib/python3.10/dist-packages/robot_control_interfaces/robot_control_interfaces_s__rosidl_typesupport_fastrtps_c.cpython-310-x86_64-linux-gnu.so
[1.151s] -- Up-to-date symlink: /home/jiseong/ros2project/install/robot_control_interfaces/local/lib/python3.10/dist-packages/robot_control_interfaces/robot_control_interfaces_s__rosidl_typesupport_introspection_c.cpython-310-x86_64-linux-gnu.so
[1.151s] -- Up-to-date symlink: /home/jiseong/ros2project/install/robot_control_interfaces/local/lib/python3.10/dist-packages/robot_control_interfaces/robot_control_interfaces_s__rosidl_typesupport_c.cpython-310-x86_64-linux-gnu.so
[1.151s] -- Up-to-date symlink: /home/jiseong/ros2project/install/robot_control_interfaces/share/robot_control_interfaces/srv/LLMCommand.idl
[1.151s] -- Up-to-date symlink: /home/jiseong/ros2project/install/robot_control_interfaces/share/robot_control_interfaces/action/Move.idl
[1.151s] -- Up-to-date symlink: /home/jiseong/ros2project/install/robot_control_interfaces/share/robot_control_interfaces/srv/LLMCommand.srv
[1.151s] -- Up-to-date symlink: /home/jiseong/ros2project/install/robot_control_interfaces/share/robot_control_interfaces/srv/LLMCommand_Request.msg
[1.151s] -- Up-to-date symlink: /home/jiseong/ros2project/install/robot_control_interfaces/share/robot_control_interfaces/srv/LLMCommand_Response.msg
[1.151s] -- Up-to-date symlink: /home/jiseong/ros2project/install/robot_control_interfaces/share/robot_control_interfaces/action/Move.action
[1.152s] -- Up-to-date symlink: /home/jiseong/ros2project/install/robot_control_interfaces/share/ament_index/resource_index/package_run_dependencies/robot_control_interfaces
[1.152s] -- Up-to-date symlink: /home/jiseong/ros2project/install/robot_control_interfaces/share/ament_index/resource_index/parent_prefix_path/robot_control_interfaces
[1.152s] -- Up-to-date symlink: /home/jiseong/ros2project/install/robot_control_interfaces/share/robot_control_interfaces/environment/ament_prefix_path.sh
[1.152s] -- Up-to-date symlink: /home/jiseong/ros2project/install/robot_control_interfaces/share/robot_control_interfaces/environment/ament_prefix_path.dsv
[1.152s] -- Up-to-date symlink: /home/jiseong/ros2project/install/robot_control_interfaces/share/robot_control_interfaces/environment/path.sh
[1.152s] -- Up-to-date symlink: /home/jiseong/ros2project/install/robot_control_interfaces/share/robot_control_interfaces/environment/path.dsv
[1.152s] -- Up-to-date symlink: /home/jiseong/ros2project/install/robot_control_interfaces/share/robot_control_interfaces/local_setup.bash
[1.152s] -- Up-to-date symlink: /home/jiseong/ros2project/install/robot_control_interfaces/share/robot_control_interfaces/local_setup.sh
[1.152s] -- Up-to-date symlink: /home/jiseong/ros2project/install/robot_control_interfaces/share/robot_control_interfaces/local_setup.zsh
[1.152s] -- Up-to-date symlink: /home/jiseong/ros2project/install/robot_control_interfaces/share/robot_control_interfaces/local_setup.dsv
[1.152s] -- Symlinking: /home/jiseong/ros2project/install/robot_control_interfaces/share/robot_control_interfaces/package.dsv
[1.158s] -- Up-to-date symlink: /home/jiseong/ros2project/install/robot_control_interfaces/share/ament_index/resource_index/packages/robot_control_interfaces
[1.158s] -- Up-to-date symlink: /home/jiseong/ros2project/install/robot_control_interfaces/share/robot_control_interfaces/cmake/rosidl_cmake-extras.cmake
[1.158s] -- Up-to-date symlink: /home/jiseong/ros2project/install/robot_control_interfaces/share/robot_control_interfaces/cmake/ament_cmake_export_dependencies-extras.cmake
[1.158s] -- Up-to-date symlink: /home/jiseong/ros2project/install/robot_control_interfaces/share/robot_control_interfaces/cmake/ament_cmake_export_include_directories-extras.cmake
[1.158s] -- Up-to-date symlink: /home/jiseong/ros2project/install/robot_control_interfaces/share/robot_control_interfaces/cmake/ament_cmake_export_libraries-extras.cmake
[1.159s] -- Up-to-date symlink: /home/jiseong/ros2project/install/robot_control_interfaces/share/robot_control_interfaces/cmake/ament_cmake_export_targets-extras.cmake
[1.159s] -- Up-to-date symlink: /home/jiseong/ros2project/install/robot_control_interfaces/share/robot_control_interfaces/cmake/rosidl_cmake_export_typesupport_targets-extras.cmake
[1.159s] -- Up-to-date symlink: /home/jiseong/ros2project/install/robot_control_interfaces/share/robot_control_interfaces/cmake/rosidl_cmake_export_typesupport_libraries-extras.cmake
[1.159s] -- Up-to-date symlink: /home/jiseong/ros2project/install/robot_control_interfaces/share/robot_control_interfaces/cmake/robot_control_interfacesConfig.cmake
[1.159s] -- Up-to-date symlink: /home/jiseong/ros2project/install/robot_control_interfaces/share/robot_control_interfaces/cmake/robot_control_interfacesConfig-version.cmake
[1.159s] -- Up-to-date symlink: /home/jiseong/ros2project/install/robot_control_interfaces/share/robot_control_interfaces/package.xml
[1.159s] -- Up-to-date: /home/jiseong/ros2project/install/robot_control_interfaces/lib/librobot_control_interfaces__rosidl_generator_c.so
[1.159s] -- Up-to-date: /home/jiseong/ros2project/install/robot_control_interfaces/lib/librobot_control_interfaces__rosidl_typesupport_fastrtps_c.so
[1.159s] -- Up-to-date: /home/jiseong/ros2project/install/robot_control_interfaces/lib/librobot_control_interfaces__rosidl_typesupport_introspection_c.so
[1.160s] -- Up-to-date: /home/jiseong/ros2project/install/robot_control_interfaces/lib/librobot_control_interfaces__rosidl_typesupport_c.so
[1.160s] -- Up-to-date: /home/jiseong/ros2project/install/robot_control_interfaces/lib/librobot_control_interfaces__rosidl_typesupport_fastrtps_cpp.so
[1.160s] -- Up-to-date: /home/jiseong/ros2project/install/robot_control_interfaces/lib/librobot_control_interfaces__rosidl_typesupport_introspection_cpp.so
[1.160s] -- Up-to-date: /home/jiseong/ros2project/install/robot_control_interfaces/lib/librobot_control_interfaces__rosidl_typesupport_cpp.so
[1.181s] Listing '/home/jiseong/ros2project/install/robot_control_interfaces/local/lib/python3.10/dist-packages/robot_control_interfaces'...
[1.181s] Compiling '/home/jiseong/ros2project/install/robot_control_interfaces/local/lib/python3.10/dist-packages/robot_control_interfaces/__init__.py'...
[1.181s] Listing '/home/jiseong/ros2project/install/robot_control_interfaces/local/lib/python3.10/dist-packages/robot_control_interfaces/action'...
[1.181s] Listing '/home/jiseong/ros2project/install/robot_control_interfaces/local/lib/python3.10/dist-packages/robot_control_interfaces/srv'...
[1.185s] -- Up-to-date: /home/jiseong/ros2project/install/robot_control_interfaces/lib/librobot_control_interfaces__rosidl_generator_py.so
[1.185s] -- Up-to-date: /home/jiseong/ros2project/install/robot_control_interfaces/share/robot_control_interfaces/cmake/export_robot_control_interfaces__rosidl_generator_cExport.cmake
[1.185s] -- Up-to-date: /home/jiseong/ros2project/install/robot_control_interfaces/share/robot_control_interfaces/cmake/export_robot_control_interfaces__rosidl_generator_cExport-noconfig.cmake
[1.185s] -- Up-to-date: /home/jiseong/ros2project/install/robot_control_interfaces/share/robot_control_interfaces/cmake/export_robot_control_interfaces__rosidl_typesupport_fastrtps_cExport.cmake
[1.185s] -- Up-to-date: /home/jiseong/ros2project/install/robot_control_interfaces/share/robot_control_interfaces/cmake/export_robot_control_interfaces__rosidl_typesupport_fastrtps_cExport-noconfig.cmake
[1.185s] -- Up-to-date: /home/jiseong/ros2project/install/robot_control_interfaces/share/robot_control_interfaces/cmake/robot_control_interfaces__rosidl_typesupport_introspection_cExport.cmake
[1.185s] -- Up-to-date: /home/jiseong/ros2project/install/robot_control_interfaces/share/robot_control_interfaces/cmake/robot_control_interfaces__rosidl_typesupport_introspection_cExport-noconfig.cmake
[1.186s] -- Up-to-date: /home/jiseong/ros2project/install/robot_control_interfaces/share/robot_control_interfaces/cmake/robot_control_interfaces__rosidl_typesupport_cExport.cmake
[1.186s] -- Up-to-date: /home/jiseong/ros2project/install/robot_control_interfaces/share/robot_control_interfaces/cmake/robot_control_interfaces__rosidl_typesupport_cExport-noconfig.cmake
[1.186s] -- Up-to-date: /home/jiseong/ros2project/install/robot_control_interfaces/share/robot_control_interfaces/cmake/export_robot_control_interfaces__rosidl_generator_cppExport.cmake
[1.186s] -- Up-to-date: /home/jiseong/ros2project/install/robot_control_interfaces/share/robot_control_interfaces/cmake/export_robot_control_interfaces__rosidl_typesupport_fastrtps_cppExport.cmake
[1.186s] -- Up-to-date: /home/jiseong/ros2project/install/robot_control_interfaces/share/robot_control_interfaces/cmake/export_robot_control_interfaces__rosidl_typesupport_fastrtps_cppExport-noconfig.cmake
[1.186s] -- Up-to-date: /home/jiseong/ros2project/install/robot_control_interfaces/share/robot_control_interfaces/cmake/robot_control_interfaces__rosidl_typesupport_introspection_cppExport.cmake
[1.186s] -- Up-to-date: /home/jiseong/ros2project/install/robot_control_interfaces/share/robot_control_interfaces/cmake/robot_control_interfaces__rosidl_typesupport_introspection_cppExport-noconfig.cmake
[1.186s] -- Up-to-date: /home/jiseong/ros2project/install/robot_control_interfaces/share/robot_control_interfaces/cmake/robot_control_interfaces__rosidl_typesupport_cppExport.cmake
[1.186s] -- Up-to-date: /home/jiseong/ros2project/install/robot_control_interfaces/share/robot_control_interfaces/cmake/robot_control_interfaces__rosidl_typesupport_cppExport-noconfig.cmake
[1.186s] -- Up-to-date: /home/jiseong/ros2project/install/robot_control_interfaces/share/robot_control_interfaces/cmake/export_robot_control_interfaces__rosidl_generator_pyExport.cmake
[1.186s] -- Up-to-date: /home/jiseong/ros2project/install/robot_control_interfaces/share/robot_control_interfaces/cmake/export_robot_control_interfaces__rosidl_generator_pyExport-noconfig.cmake
[1.187s] Invoked command in '/home/jiseong/ros2project/build/robot_control_interfaces' returned '0': CMAKE_PREFIX_PATH=${CMAKE_PREFIX_PATH}:/opt/ros/humble:/home/jiseong/ros2project/install/robot_control_pkg /usr/bin/cmake --install /home/jiseong/ros2project/build/robot_control_interfaces
