[0.010s] Invoking command in '/home/jiseong/ros2project/build/robot_control_interfaces': CMAKE_PREFIX_PATH=/opt/ros/humble /usr/bin/cmake /home/jiseong/ros2project/src/robot_control_interfaces -DAMENT_CMAKE_SYMLINK_INSTALL=1 -DCMAKE_INSTALL_PREFIX=/home/jiseong/ros2project/install/robot_control_interfaces
[0.017s] -- Found ament_cmake: 1.3.12 (/opt/ros/humble/share/ament_cmake/cmake)
[0.109s] -- Found Python3: /usr/bin/python3 (found version "3.10.12") found components: Interpreter 
[0.150s] -- Override CMake install command with custom implementation using symlinks instead of copying resources
[0.164s] -- Found ament_lint_auto: 0.12.14 (/opt/ros/humble/share/ament_lint_auto/cmake)
[0.208s] -- Found rosidl_default_generators: 1.2.0 (/opt/ros/humble/share/rosidl_default_generators/cmake)
[0.210s] -- Using all available rosidl_typesupport_c: rosidl_typesupport_fastrtps_c;rosidl_typesupport_introspection_c
[0.213s] -- Found rosidl_adapter: 3.1.7 (/opt/ros/humble/share/rosidl_adapter/cmake)
[0.345s] -- Using all available rosidl_typesupport_cpp: rosidl_typesupport_fastrtps_cpp;rosidl_typesupport_introspection_cpp
[0.504s] -- Found ament_cmake_ros: 0.10.0 (/opt/ros/humble/share/ament_cmake_ros/cmake)
[0.618s] -- Using all available rosidl_typesupport_c: rosidl_typesupport_fastrtps_c;rosidl_typesupport_introspection_c
[0.769s] -- Using all available rosidl_typesupport_cpp: rosidl_typesupport_fastrtps_cpp;rosidl_typesupport_introspection_cpp
[0.899s] -- Found PythonInterp: /usr/bin/python3 (found suitable version "3.10.12", minimum required is "3.6") 
[0.900s] -- Found python_cmake_module: 0.10.0 (/opt/ros/humble/share/python_cmake_module/cmake)
[1.343s] -- Found PythonLibs: /usr/lib/x86_64-linux-gnu/libpython3.10.so (found suitable version "3.10.12", minimum required is "3.5") 
[1.343s] -- Using PYTHON_EXECUTABLE: /usr/bin/python3
[1.343s] -- Using PYTHON_INCLUDE_DIRS: /usr/include/python3.10
[1.343s] -- Using PYTHON_LIBRARIES: /usr/lib/x86_64-linux-gnu/libpython3.10.so
[1.357s] -- Found PythonExtra: .so  
[1.415s] -- Added test 'lint_cmake' to check CMake code style
[1.415s] -- Added test 'xmllint' to check XML markup files
[1.419s] -- Configuring done
[1.445s] -- Generating done
[1.451s] -- Build files have been written to: /home/jiseong/ros2project/build/robot_control_interfaces
[1.457s] Invoked command in '/home/jiseong/ros2project/build/robot_control_interfaces' returned '0': CMAKE_PREFIX_PATH=/opt/ros/humble /usr/bin/cmake /home/jiseong/ros2project/src/robot_control_interfaces -DAMENT_CMAKE_SYMLINK_INSTALL=1 -DCMAKE_INSTALL_PREFIX=/home/jiseong/ros2project/install/robot_control_interfaces
[1.458s] Invoking command in '/home/jiseong/ros2project/build/robot_control_interfaces': CMAKE_PREFIX_PATH=/opt/ros/humble /usr/bin/cmake --build /home/jiseong/ros2project/build/robot_control_interfaces -- -j20 -l20
[1.481s] [  2%] [34m[1mGenerating C code for ROS interfaces[0m
[1.487s] [  5%] [34m[1mGenerating C++ code for ROS interfaces[0m
[1.492s] [  5%] Built target ament_cmake_python_symlink_robot_control_interfaces
[1.642s] running egg_info
[1.642s] creating robot_control_interfaces.egg-info
[1.642s] writing robot_control_interfaces.egg-info/PKG-INFO
[1.643s] writing dependency_links to robot_control_interfaces.egg-info/dependency_links.txt
[1.643s] writing top-level names to robot_control_interfaces.egg-info/top_level.txt
[1.643s] writing manifest file 'robot_control_interfaces.egg-info/SOURCES.txt'
[1.644s] reading manifest file 'robot_control_interfaces.egg-info/SOURCES.txt'
[1.645s] writing manifest file 'robot_control_interfaces.egg-info/SOURCES.txt'
[1.661s] [  5%] Built target ament_cmake_python_build_robot_control_interfaces_egg
[1.756s] [  7%] [32mBuilding C object CMakeFiles/robot_control_interfaces__rosidl_generator_c.dir/rosidl_generator_c/robot_control_interfaces/srv/detail/llm_command__functions.c.o[0m
[1.758s] [ 10%] [32mBuilding C object CMakeFiles/robot_control_interfaces__rosidl_generator_c.dir/rosidl_generator_c/robot_control_interfaces/action/detail/move__functions.c.o[0m
[1.768s] [ 10%] Built target robot_control_interfaces__cpp
[1.774s] [ 12%] [34m[1mGenerating C++ type support dispatch for ROS interfaces[0m
[1.775s] [ 17%] [34m[1mGenerating C++ type support for eProsima Fast-RTPS[0m
[1.775s] [ 17%] [34m[1mGenerating C++ introspection for ROS interfaces[0m
[1.836s] [ 20%] [32m[1mLinking C shared library librobot_control_interfaces__rosidl_generator_c.so[0m
[1.956s] [ 23%] [32mBuilding CXX object CMakeFiles/robot_control_interfaces__rosidl_typesupport_cpp.dir/rosidl_typesupport_cpp/robot_control_interfaces/srv/llm_command__type_support.cpp.o[0m
[1.956s] [ 25%] [32mBuilding CXX object CMakeFiles/robot_control_interfaces__rosidl_typesupport_cpp.dir/rosidl_typesupport_cpp/robot_control_interfaces/action/move__type_support.cpp.o[0m
[1.985s] [ 25%] Built target robot_control_interfaces__rosidl_generator_c
[1.986s] [ 28%] [32mBuilding CXX object CMakeFiles/robot_control_interfaces__rosidl_typesupport_introspection_cpp.dir/rosidl_typesupport_introspection_cpp/robot_control_interfaces/srv/detail/llm_command__type_support.cpp.o[0m
[1.987s] [ 30%] [32mBuilding CXX object CMakeFiles/robot_control_interfaces__rosidl_typesupport_introspection_cpp.dir/rosidl_typesupport_introspection_cpp/robot_control_interfaces/action/detail/move__type_support.cpp.o[0m
[1.991s] [ 33%] [34m[1mGenerating C introspection for ROS interfaces[0m
[1.991s] [ 35%] [34m[1mGenerating C type support dispatch for ROS interfaces[0m
[1.992s] [ 38%] [34m[1mGenerating C type support for eProsima Fast-RTPS[0m
[2.051s] [ 41%] [32mBuilding CXX object CMakeFiles/robot_control_interfaces__rosidl_typesupport_fastrtps_cpp.dir/rosidl_typesupport_fastrtps_cpp/robot_control_interfaces/srv/detail/dds_fastrtps/llm_command__type_support.cpp.o[0m
[2.051s] [ 43%] [32mBuilding CXX object CMakeFiles/robot_control_interfaces__rosidl_typesupport_fastrtps_cpp.dir/rosidl_typesupport_fastrtps_cpp/robot_control_interfaces/action/detail/dds_fastrtps/move__type_support.cpp.o[0m
[2.217s] [ 46%] [32mBuilding CXX object CMakeFiles/robot_control_interfaces__rosidl_typesupport_c.dir/rosidl_typesupport_c/robot_control_interfaces/srv/llm_command__type_support.cpp.o[0m
[2.220s] [ 48%] [32mBuilding CXX object CMakeFiles/robot_control_interfaces__rosidl_typesupport_c.dir/rosidl_typesupport_c/robot_control_interfaces/action/move__type_support.cpp.o[0m
[2.255s] [ 51%] [32m[1mLinking CXX shared library librobot_control_interfaces__rosidl_typesupport_c.so[0m
[2.263s] [ 56%] [32mBuilding C object CMakeFiles/robot_control_interfaces__rosidl_typesupport_introspection_c.dir/rosidl_typesupport_introspection_c/robot_control_interfaces/action/detail/move__type_support.c.o[0m
[2.264s] [ 56%] [32mBuilding C object CMakeFiles/robot_control_interfaces__rosidl_typesupport_introspection_c.dir/rosidl_typesupport_introspection_c/robot_control_interfaces/srv/detail/llm_command__type_support.c.o[0m
[2.288s] [ 61%] [32mBuilding CXX object CMakeFiles/robot_control_interfaces__rosidl_typesupport_fastrtps_c.dir/rosidl_typesupport_fastrtps_c/robot_control_interfaces/action/detail/move__type_support_c.cpp.o[0m
[2.288s] [ 61%] [32m[1mLinking CXX shared library librobot_control_interfaces__rosidl_typesupport_cpp.so[0m
[2.290s] [ 64%] [32mBuilding CXX object CMakeFiles/robot_control_interfaces__rosidl_typesupport_fastrtps_c.dir/rosidl_typesupport_fastrtps_c/robot_control_interfaces/srv/detail/llm_command__type_support_c.cpp.o[0m
[2.294s] [ 66%] [32m[1mLinking C shared library librobot_control_interfaces__rosidl_typesupport_introspection_c.so[0m
[2.395s] [ 69%] [32m[1mLinking CXX shared library librobot_control_interfaces__rosidl_typesupport_introspection_cpp.so[0m
[2.397s] [ 69%] Built target robot_control_interfaces__rosidl_typesupport_c
[2.411s] [ 69%] Built target robot_control_interfaces__rosidl_typesupport_cpp
[2.431s] [ 71%] [32m[1mLinking CXX shared library librobot_control_interfaces__rosidl_typesupport_fastrtps_cpp.so[0m
[2.443s] [ 71%] Built target robot_control_interfaces__rosidl_typesupport_introspection_c
[2.504s] [ 74%] [32m[1mLinking CXX shared library librobot_control_interfaces__rosidl_typesupport_fastrtps_c.so[0m
[2.582s] [ 74%] Built target robot_control_interfaces__rosidl_typesupport_introspection_cpp
[2.603s] [ 74%] Built target robot_control_interfaces__rosidl_typesupport_fastrtps_cpp
[2.665s] [ 74%] Built target robot_control_interfaces__rosidl_typesupport_fastrtps_c
[2.676s] [ 74%] Built target robot_control_interfaces
[2.688s] [ 76%] [34m[1mGenerating Python code for ROS interfaces[0m
[3.124s] [ 76%] Built target robot_control_interfaces__py
[3.135s] [ 82%] [32mBuilding C object CMakeFiles/robot_control_interfaces__rosidl_generator_py.dir/rosidl_generator_py/robot_control_interfaces/srv/_llm_command_s.c.o[0m
[3.136s] [ 82%] [32mBuilding C object CMakeFiles/robot_control_interfaces__rosidl_generator_py.dir/rosidl_generator_py/robot_control_interfaces/action/_move_s.c.o[0m
[3.213s] [ 84%] [32m[1mLinking C shared library rosidl_generator_py/robot_control_interfaces/librobot_control_interfaces__rosidl_generator_py.so[0m
[3.319s] [ 84%] Built target robot_control_interfaces__rosidl_generator_py
[3.332s] [ 92%] [32mBuilding C object CMakeFiles/robot_control_interfaces__rosidl_typesupport_introspection_c__pyext.dir/rosidl_generator_py/robot_control_interfaces/_robot_control_interfaces_s.ep.rosidl_typesupport_introspection_c.c.o[0m
[3.332s] [ 92%] [32mBuilding C object CMakeFiles/robot_control_interfaces__rosidl_typesupport_c__pyext.dir/rosidl_generator_py/robot_control_interfaces/_robot_control_interfaces_s.ep.rosidl_typesupport_c.c.o[0m
[3.332s] [ 92%] [32mBuilding C object CMakeFiles/robot_control_interfaces__rosidl_typesupport_fastrtps_c__pyext.dir/rosidl_generator_py/robot_control_interfaces/_robot_control_interfaces_s.ep.rosidl_typesupport_fastrtps_c.c.o[0m
[3.403s] [ 94%] [32m[1mLinking C shared library rosidl_generator_py/robot_control_interfaces/robot_control_interfaces_s__rosidl_typesupport_c.cpython-310-x86_64-linux-gnu.so[0m
[3.403s] [ 97%] [32m[1mLinking C shared library rosidl_generator_py/robot_control_interfaces/robot_control_interfaces_s__rosidl_typesupport_introspection_c.cpython-310-x86_64-linux-gnu.so[0m
[3.404s] [100%] [32m[1mLinking C shared library rosidl_generator_py/robot_control_interfaces/robot_control_interfaces_s__rosidl_typesupport_fastrtps_c.cpython-310-x86_64-linux-gnu.so[0m
[3.463s] [100%] Built target robot_control_interfaces__rosidl_typesupport_c__pyext
[3.463s] [100%] Built target robot_control_interfaces__rosidl_typesupport_fastrtps_c__pyext
[3.464s] [100%] Built target robot_control_interfaces__rosidl_typesupport_introspection_c__pyext
[3.470s] Invoked command in '/home/jiseong/ros2project/build/robot_control_interfaces' returned '0': CMAKE_PREFIX_PATH=/opt/ros/humble /usr/bin/cmake --build /home/jiseong/ros2project/build/robot_control_interfaces -- -j20 -l20
[3.476s] Invoking command in '/home/jiseong/ros2project/build/robot_control_interfaces': CMAKE_PREFIX_PATH=/opt/ros/humble /usr/bin/cmake --install /home/jiseong/ros2project/build/robot_control_interfaces
[3.480s] -- Install configuration: ""
[3.480s] -- Execute custom install script
[3.481s] -- Symlinking: /home/jiseong/ros2project/install/robot_control_interfaces/share/ament_index/resource_index/rosidl_interfaces/robot_control_interfaces
[3.486s] -- Symlinking: /home/jiseong/ros2project/install/robot_control_interfaces/include/robot_control_interfaces/robot_control_interfaces/action/detail/move__functions.h
[3.492s] -- Symlinking: /home/jiseong/ros2project/install/robot_control_interfaces/include/robot_control_interfaces/robot_control_interfaces/action/detail/move__struct.h
[3.496s] -- Symlinking: /home/jiseong/ros2project/install/robot_control_interfaces/include/robot_control_interfaces/robot_control_interfaces/action/detail/move__type_support.h
[3.501s] -- Symlinking: /home/jiseong/ros2project/install/robot_control_interfaces/include/robot_control_interfaces/robot_control_interfaces/action/move.h
[3.506s] -- Symlinking: /home/jiseong/ros2project/install/robot_control_interfaces/include/robot_control_interfaces/robot_control_interfaces/msg/rosidl_generator_c__visibility_control.h
[3.511s] -- Symlinking: /home/jiseong/ros2project/install/robot_control_interfaces/include/robot_control_interfaces/robot_control_interfaces/srv/detail/llm_command__functions.h
[3.516s] -- Symlinking: /home/jiseong/ros2project/install/robot_control_interfaces/include/robot_control_interfaces/robot_control_interfaces/srv/detail/llm_command__struct.h
[3.521s] -- Symlinking: /home/jiseong/ros2project/install/robot_control_interfaces/include/robot_control_interfaces/robot_control_interfaces/srv/detail/llm_command__type_support.h
[3.526s] -- Symlinking: /home/jiseong/ros2project/install/robot_control_interfaces/include/robot_control_interfaces/robot_control_interfaces/srv/llm_command.h
[3.530s] -- Symlinking: /home/jiseong/ros2project/install/robot_control_interfaces/share/robot_control_interfaces/environment/library_path.sh
[3.535s] -- Symlinking: /home/jiseong/ros2project/install/robot_control_interfaces/share/robot_control_interfaces/environment/library_path.dsv
[3.541s] -- Symlinking: /home/jiseong/ros2project/install/robot_control_interfaces/include/robot_control_interfaces/robot_control_interfaces/action/detail/move__rosidl_typesupport_fastrtps_c.h
[3.546s] -- Symlinking: /home/jiseong/ros2project/install/robot_control_interfaces/include/robot_control_interfaces/robot_control_interfaces/msg/rosidl_typesupport_fastrtps_c__visibility_control.h
[3.551s] -- Symlinking: /home/jiseong/ros2project/install/robot_control_interfaces/include/robot_control_interfaces/robot_control_interfaces/srv/detail/llm_command__rosidl_typesupport_fastrtps_c.h
[3.556s] -- Symlinking: /home/jiseong/ros2project/install/robot_control_interfaces/include/robot_control_interfaces/robot_control_interfaces/action/detail/move__rosidl_typesupport_introspection_c.h
[3.561s] -- Symlinking: /home/jiseong/ros2project/install/robot_control_interfaces/include/robot_control_interfaces/robot_control_interfaces/msg/rosidl_typesupport_introspection_c__visibility_control.h
[3.565s] -- Symlinking: /home/jiseong/ros2project/install/robot_control_interfaces/include/robot_control_interfaces/robot_control_interfaces/srv/detail/llm_command__rosidl_typesupport_introspection_c.h
[3.570s] -- Symlinking: /home/jiseong/ros2project/install/robot_control_interfaces/include/robot_control_interfaces/robot_control_interfaces/action/detail/move__builder.hpp
[3.575s] -- Symlinking: /home/jiseong/ros2project/install/robot_control_interfaces/include/robot_control_interfaces/robot_control_interfaces/action/detail/move__struct.hpp
[3.579s] -- Symlinking: /home/jiseong/ros2project/install/robot_control_interfaces/include/robot_control_interfaces/robot_control_interfaces/action/detail/move__traits.hpp
[3.584s] -- Symlinking: /home/jiseong/ros2project/install/robot_control_interfaces/include/robot_control_interfaces/robot_control_interfaces/action/detail/move__type_support.hpp
[3.589s] -- Symlinking: /home/jiseong/ros2project/install/robot_control_interfaces/include/robot_control_interfaces/robot_control_interfaces/action/move.hpp
[3.594s] -- Symlinking: /home/jiseong/ros2project/install/robot_control_interfaces/include/robot_control_interfaces/robot_control_interfaces/msg/rosidl_generator_cpp__visibility_control.hpp
[3.598s] -- Symlinking: /home/jiseong/ros2project/install/robot_control_interfaces/include/robot_control_interfaces/robot_control_interfaces/srv/detail/llm_command__builder.hpp
[3.603s] -- Symlinking: /home/jiseong/ros2project/install/robot_control_interfaces/include/robot_control_interfaces/robot_control_interfaces/srv/detail/llm_command__struct.hpp
[3.608s] -- Symlinking: /home/jiseong/ros2project/install/robot_control_interfaces/include/robot_control_interfaces/robot_control_interfaces/srv/detail/llm_command__traits.hpp
[3.613s] -- Symlinking: /home/jiseong/ros2project/install/robot_control_interfaces/include/robot_control_interfaces/robot_control_interfaces/srv/detail/llm_command__type_support.hpp
[3.617s] -- Symlinking: /home/jiseong/ros2project/install/robot_control_interfaces/include/robot_control_interfaces/robot_control_interfaces/srv/llm_command.hpp
[3.622s] -- Symlinking: /home/jiseong/ros2project/install/robot_control_interfaces/include/robot_control_interfaces/robot_control_interfaces/action/detail/move__rosidl_typesupport_fastrtps_cpp.hpp
[3.627s] -- Symlinking: /home/jiseong/ros2project/install/robot_control_interfaces/include/robot_control_interfaces/robot_control_interfaces/msg/rosidl_typesupport_fastrtps_cpp__visibility_control.h
[3.632s] -- Symlinking: /home/jiseong/ros2project/install/robot_control_interfaces/include/robot_control_interfaces/robot_control_interfaces/srv/detail/llm_command__rosidl_typesupport_fastrtps_cpp.hpp
[3.637s] -- Symlinking: /home/jiseong/ros2project/install/robot_control_interfaces/include/robot_control_interfaces/robot_control_interfaces/action/detail/move__rosidl_typesupport_introspection_cpp.hpp
[3.642s] -- Symlinking: /home/jiseong/ros2project/install/robot_control_interfaces/include/robot_control_interfaces/robot_control_interfaces/srv/detail/llm_command__rosidl_typesupport_introspection_cpp.hpp
[3.647s] -- Symlinking: /home/jiseong/ros2project/install/robot_control_interfaces/share/robot_control_interfaces/environment/pythonpath.sh
[3.652s] -- Symlinking: /home/jiseong/ros2project/install/robot_control_interfaces/share/robot_control_interfaces/environment/pythonpath.dsv
[3.657s] -- Symlinking: /home/jiseong/ros2project/install/robot_control_interfaces/local/lib/python3.10/dist-packages/robot_control_interfaces-0.0.0-py3.10.egg-info/PKG-INFO
[3.662s] -- Symlinking: /home/jiseong/ros2project/install/robot_control_interfaces/local/lib/python3.10/dist-packages/robot_control_interfaces-0.0.0-py3.10.egg-info/SOURCES.txt
[3.667s] -- Symlinking: /home/jiseong/ros2project/install/robot_control_interfaces/local/lib/python3.10/dist-packages/robot_control_interfaces-0.0.0-py3.10.egg-info/dependency_links.txt
[3.671s] -- Symlinking: /home/jiseong/ros2project/install/robot_control_interfaces/local/lib/python3.10/dist-packages/robot_control_interfaces-0.0.0-py3.10.egg-info/top_level.txt
[3.677s] -- Symlinking: /home/jiseong/ros2project/install/robot_control_interfaces/local/lib/python3.10/dist-packages/robot_control_interfaces/__init__.py
[3.682s] -- Symlinking: /home/jiseong/ros2project/install/robot_control_interfaces/local/lib/python3.10/dist-packages/robot_control_interfaces/_robot_control_interfaces_s.ep.rosidl_typesupport_c.c
[3.686s] -- Symlinking: /home/jiseong/ros2project/install/robot_control_interfaces/local/lib/python3.10/dist-packages/robot_control_interfaces/_robot_control_interfaces_s.ep.rosidl_typesupport_fastrtps_c.c
[3.691s] -- Symlinking: /home/jiseong/ros2project/install/robot_control_interfaces/local/lib/python3.10/dist-packages/robot_control_interfaces/_robot_control_interfaces_s.ep.rosidl_typesupport_introspection_c.c
[3.696s] -- Symlinking: /home/jiseong/ros2project/install/robot_control_interfaces/local/lib/python3.10/dist-packages/robot_control_interfaces/action/__init__.py
[3.701s] -- Symlinking: /home/jiseong/ros2project/install/robot_control_interfaces/local/lib/python3.10/dist-packages/robot_control_interfaces/action/_move.py
[3.705s] -- Symlinking: /home/jiseong/ros2project/install/robot_control_interfaces/local/lib/python3.10/dist-packages/robot_control_interfaces/action/_move_s.c
[3.710s] -- Symlinking: /home/jiseong/ros2project/install/robot_control_interfaces/local/lib/python3.10/dist-packages/robot_control_interfaces/librobot_control_interfaces__rosidl_generator_py.so
[3.715s] -- Symlinking: /home/jiseong/ros2project/install/robot_control_interfaces/local/lib/python3.10/dist-packages/robot_control_interfaces/robot_control_interfaces_s__rosidl_typesupport_c.cpython-310-x86_64-linux-gnu.so
[3.720s] -- Symlinking: /home/jiseong/ros2project/install/robot_control_interfaces/local/lib/python3.10/dist-packages/robot_control_interfaces/robot_control_interfaces_s__rosidl_typesupport_fastrtps_c.cpython-310-x86_64-linux-gnu.so
[3.725s] -- Symlinking: /home/jiseong/ros2project/install/robot_control_interfaces/local/lib/python3.10/dist-packages/robot_control_interfaces/robot_control_interfaces_s__rosidl_typesupport_introspection_c.cpython-310-x86_64-linux-gnu.so
[3.730s] -- Symlinking: /home/jiseong/ros2project/install/robot_control_interfaces/local/lib/python3.10/dist-packages/robot_control_interfaces/srv/__init__.py
[3.734s] -- Symlinking: /home/jiseong/ros2project/install/robot_control_interfaces/local/lib/python3.10/dist-packages/robot_control_interfaces/srv/_llm_command.py
[3.739s] -- Symlinking: /home/jiseong/ros2project/install/robot_control_interfaces/local/lib/python3.10/dist-packages/robot_control_interfaces/srv/_llm_command_s.c
[3.744s] -- Up-to-date symlink: /home/jiseong/ros2project/install/robot_control_interfaces/local/lib/python3.10/dist-packages/robot_control_interfaces/robot_control_interfaces_s__rosidl_typesupport_fastrtps_c.cpython-310-x86_64-linux-gnu.so
[3.745s] -- Up-to-date symlink: /home/jiseong/ros2project/install/robot_control_interfaces/local/lib/python3.10/dist-packages/robot_control_interfaces/robot_control_interfaces_s__rosidl_typesupport_introspection_c.cpython-310-x86_64-linux-gnu.so
[3.745s] -- Up-to-date symlink: /home/jiseong/ros2project/install/robot_control_interfaces/local/lib/python3.10/dist-packages/robot_control_interfaces/robot_control_interfaces_s__rosidl_typesupport_c.cpython-310-x86_64-linux-gnu.so
[3.745s] -- Symlinking: /home/jiseong/ros2project/install/robot_control_interfaces/share/robot_control_interfaces/srv/LLMCommand.idl
[3.750s] -- Symlinking: /home/jiseong/ros2project/install/robot_control_interfaces/share/robot_control_interfaces/action/Move.idl
[3.755s] -- Symlinking: /home/jiseong/ros2project/install/robot_control_interfaces/share/robot_control_interfaces/srv/LLMCommand.srv
[3.759s] -- Symlinking: /home/jiseong/ros2project/install/robot_control_interfaces/share/robot_control_interfaces/srv/LLMCommand_Request.msg
[3.764s] -- Symlinking: /home/jiseong/ros2project/install/robot_control_interfaces/share/robot_control_interfaces/srv/LLMCommand_Response.msg
[3.769s] -- Symlinking: /home/jiseong/ros2project/install/robot_control_interfaces/share/robot_control_interfaces/action/Move.action
[3.774s] -- Symlinking: /home/jiseong/ros2project/install/robot_control_interfaces/share/ament_index/resource_index/package_run_dependencies/robot_control_interfaces
[3.779s] -- Symlinking: /home/jiseong/ros2project/install/robot_control_interfaces/share/ament_index/resource_index/parent_prefix_path/robot_control_interfaces
[3.783s] -- Symlinking: /home/jiseong/ros2project/install/robot_control_interfaces/share/robot_control_interfaces/environment/ament_prefix_path.sh
[3.788s] -- Symlinking: /home/jiseong/ros2project/install/robot_control_interfaces/share/robot_control_interfaces/environment/ament_prefix_path.dsv
[3.793s] -- Symlinking: /home/jiseong/ros2project/install/robot_control_interfaces/share/robot_control_interfaces/environment/path.sh
[3.797s] -- Symlinking: /home/jiseong/ros2project/install/robot_control_interfaces/share/robot_control_interfaces/environment/path.dsv
[3.802s] -- Symlinking: /home/jiseong/ros2project/install/robot_control_interfaces/share/robot_control_interfaces/local_setup.bash
[3.807s] -- Symlinking: /home/jiseong/ros2project/install/robot_control_interfaces/share/robot_control_interfaces/local_setup.sh
[3.812s] -- Symlinking: /home/jiseong/ros2project/install/robot_control_interfaces/share/robot_control_interfaces/local_setup.zsh
[3.817s] -- Symlinking: /home/jiseong/ros2project/install/robot_control_interfaces/share/robot_control_interfaces/local_setup.dsv
[3.822s] -- Symlinking: /home/jiseong/ros2project/install/robot_control_interfaces/share/robot_control_interfaces/package.dsv
[3.827s] -- Symlinking: /home/jiseong/ros2project/install/robot_control_interfaces/share/ament_index/resource_index/packages/robot_control_interfaces
[3.832s] -- Symlinking: /home/jiseong/ros2project/install/robot_control_interfaces/share/robot_control_interfaces/cmake/rosidl_cmake-extras.cmake
[3.837s] -- Symlinking: /home/jiseong/ros2project/install/robot_control_interfaces/share/robot_control_interfaces/cmake/ament_cmake_export_dependencies-extras.cmake
[3.843s] -- Symlinking: /home/jiseong/ros2project/install/robot_control_interfaces/share/robot_control_interfaces/cmake/ament_cmake_export_include_directories-extras.cmake
[3.848s] -- Symlinking: /home/jiseong/ros2project/install/robot_control_interfaces/share/robot_control_interfaces/cmake/ament_cmake_export_libraries-extras.cmake
[3.853s] -- Symlinking: /home/jiseong/ros2project/install/robot_control_interfaces/share/robot_control_interfaces/cmake/ament_cmake_export_targets-extras.cmake
[3.857s] -- Symlinking: /home/jiseong/ros2project/install/robot_control_interfaces/share/robot_control_interfaces/cmake/rosidl_cmake_export_typesupport_targets-extras.cmake
[3.863s] -- Symlinking: /home/jiseong/ros2project/install/robot_control_interfaces/share/robot_control_interfaces/cmake/rosidl_cmake_export_typesupport_libraries-extras.cmake
[3.867s] -- Symlinking: /home/jiseong/ros2project/install/robot_control_interfaces/share/robot_control_interfaces/cmake/robot_control_interfacesConfig.cmake
[3.872s] -- Symlinking: /home/jiseong/ros2project/install/robot_control_interfaces/share/robot_control_interfaces/cmake/robot_control_interfacesConfig-version.cmake
[3.877s] -- Symlinking: /home/jiseong/ros2project/install/robot_control_interfaces/share/robot_control_interfaces/package.xml
[3.883s] -- Installing: /home/jiseong/ros2project/install/robot_control_interfaces/lib/librobot_control_interfaces__rosidl_generator_c.so
[3.883s] -- Set runtime path of "/home/jiseong/ros2project/install/robot_control_interfaces/lib/librobot_control_interfaces__rosidl_generator_c.so" to ""
[3.884s] -- Installing: /home/jiseong/ros2project/install/robot_control_interfaces/lib/librobot_control_interfaces__rosidl_typesupport_fastrtps_c.so
[3.884s] -- Set runtime path of "/home/jiseong/ros2project/install/robot_control_interfaces/lib/librobot_control_interfaces__rosidl_typesupport_fastrtps_c.so" to ""
[3.884s] -- Installing: /home/jiseong/ros2project/install/robot_control_interfaces/lib/librobot_control_interfaces__rosidl_typesupport_introspection_c.so
[3.884s] -- Set runtime path of "/home/jiseong/ros2project/install/robot_control_interfaces/lib/librobot_control_interfaces__rosidl_typesupport_introspection_c.so" to ""
[3.884s] -- Installing: /home/jiseong/ros2project/install/robot_control_interfaces/lib/librobot_control_interfaces__rosidl_typesupport_c.so
[3.884s] -- Set runtime path of "/home/jiseong/ros2project/install/robot_control_interfaces/lib/librobot_control_interfaces__rosidl_typesupport_c.so" to ""
[3.885s] -- Installing: /home/jiseong/ros2project/install/robot_control_interfaces/lib/librobot_control_interfaces__rosidl_typesupport_fastrtps_cpp.so
[3.885s] -- Set runtime path of "/home/jiseong/ros2project/install/robot_control_interfaces/lib/librobot_control_interfaces__rosidl_typesupport_fastrtps_cpp.so" to ""
[3.885s] -- Installing: /home/jiseong/ros2project/install/robot_control_interfaces/lib/librobot_control_interfaces__rosidl_typesupport_introspection_cpp.so
[3.885s] -- Set runtime path of "/home/jiseong/ros2project/install/robot_control_interfaces/lib/librobot_control_interfaces__rosidl_typesupport_introspection_cpp.so" to ""
[3.885s] -- Installing: /home/jiseong/ros2project/install/robot_control_interfaces/lib/librobot_control_interfaces__rosidl_typesupport_cpp.so
[3.885s] -- Set runtime path of "/home/jiseong/ros2project/install/robot_control_interfaces/lib/librobot_control_interfaces__rosidl_typesupport_cpp.so" to ""
[3.910s] Listing '/home/jiseong/ros2project/install/robot_control_interfaces/local/lib/python3.10/dist-packages/robot_control_interfaces'...
[3.910s] Compiling '/home/jiseong/ros2project/install/robot_control_interfaces/local/lib/python3.10/dist-packages/robot_control_interfaces/__init__.py'...
[3.910s] Listing '/home/jiseong/ros2project/install/robot_control_interfaces/local/lib/python3.10/dist-packages/robot_control_interfaces/action'...
[3.910s] Compiling '/home/jiseong/ros2project/install/robot_control_interfaces/local/lib/python3.10/dist-packages/robot_control_interfaces/action/__init__.py'...
[3.910s] Compiling '/home/jiseong/ros2project/install/robot_control_interfaces/local/lib/python3.10/dist-packages/robot_control_interfaces/action/_move.py'...
[3.910s] Listing '/home/jiseong/ros2project/install/robot_control_interfaces/local/lib/python3.10/dist-packages/robot_control_interfaces/srv'...
[3.910s] Compiling '/home/jiseong/ros2project/install/robot_control_interfaces/local/lib/python3.10/dist-packages/robot_control_interfaces/srv/__init__.py'...
[3.910s] Compiling '/home/jiseong/ros2project/install/robot_control_interfaces/local/lib/python3.10/dist-packages/robot_control_interfaces/srv/_llm_command.py'...
[3.912s] -- Installing: /home/jiseong/ros2project/install/robot_control_interfaces/lib/librobot_control_interfaces__rosidl_generator_py.so
[3.913s] -- Set runtime path of "/home/jiseong/ros2project/install/robot_control_interfaces/lib/librobot_control_interfaces__rosidl_generator_py.so" to ""
[3.913s] -- Installing: /home/jiseong/ros2project/install/robot_control_interfaces/share/robot_control_interfaces/cmake/export_robot_control_interfaces__rosidl_generator_cExport.cmake
[3.913s] -- Installing: /home/jiseong/ros2project/install/robot_control_interfaces/share/robot_control_interfaces/cmake/export_robot_control_interfaces__rosidl_generator_cExport-noconfig.cmake
[3.913s] -- Installing: /home/jiseong/ros2project/install/robot_control_interfaces/share/robot_control_interfaces/cmake/export_robot_control_interfaces__rosidl_typesupport_fastrtps_cExport.cmake
[3.913s] -- Installing: /home/jiseong/ros2project/install/robot_control_interfaces/share/robot_control_interfaces/cmake/export_robot_control_interfaces__rosidl_typesupport_fastrtps_cExport-noconfig.cmake
[3.913s] -- Installing: /home/jiseong/ros2project/install/robot_control_interfaces/share/robot_control_interfaces/cmake/robot_control_interfaces__rosidl_typesupport_introspection_cExport.cmake
[3.913s] -- Installing: /home/jiseong/ros2project/install/robot_control_interfaces/share/robot_control_interfaces/cmake/robot_control_interfaces__rosidl_typesupport_introspection_cExport-noconfig.cmake
[3.913s] -- Installing: /home/jiseong/ros2project/install/robot_control_interfaces/share/robot_control_interfaces/cmake/robot_control_interfaces__rosidl_typesupport_cExport.cmake
[3.913s] -- Installing: /home/jiseong/ros2project/install/robot_control_interfaces/share/robot_control_interfaces/cmake/robot_control_interfaces__rosidl_typesupport_cExport-noconfig.cmake
[3.913s] -- Installing: /home/jiseong/ros2project/install/robot_control_interfaces/share/robot_control_interfaces/cmake/export_robot_control_interfaces__rosidl_generator_cppExport.cmake
[3.913s] -- Installing: /home/jiseong/ros2project/install/robot_control_interfaces/share/robot_control_interfaces/cmake/export_robot_control_interfaces__rosidl_typesupport_fastrtps_cppExport.cmake
[3.914s] -- Installing: /home/jiseong/ros2project/install/robot_control_interfaces/share/robot_control_interfaces/cmake/export_robot_control_interfaces__rosidl_typesupport_fastrtps_cppExport-noconfig.cmake
[3.914s] -- Installing: /home/jiseong/ros2project/install/robot_control_interfaces/share/robot_control_interfaces/cmake/robot_control_interfaces__rosidl_typesupport_introspection_cppExport.cmake
[3.914s] -- Installing: /home/jiseong/ros2project/install/robot_control_interfaces/share/robot_control_interfaces/cmake/robot_control_interfaces__rosidl_typesupport_introspection_cppExport-noconfig.cmake
[3.914s] -- Installing: /home/jiseong/ros2project/install/robot_control_interfaces/share/robot_control_interfaces/cmake/robot_control_interfaces__rosidl_typesupport_cppExport.cmake
[3.914s] -- Installing: /home/jiseong/ros2project/install/robot_control_interfaces/share/robot_control_interfaces/cmake/robot_control_interfaces__rosidl_typesupport_cppExport-noconfig.cmake
[3.914s] -- Installing: /home/jiseong/ros2project/install/robot_control_interfaces/share/robot_control_interfaces/cmake/export_robot_control_interfaces__rosidl_generator_pyExport.cmake
[3.914s] -- Installing: /home/jiseong/ros2project/install/robot_control_interfaces/share/robot_control_interfaces/cmake/export_robot_control_interfaces__rosidl_generator_pyExport-noconfig.cmake
[3.916s] Invoked command in '/home/jiseong/ros2project/build/robot_control_interfaces' returned '0': CMAKE_PREFIX_PATH=/opt/ros/humble /usr/bin/cmake --install /home/jiseong/ros2project/build/robot_control_interfaces
